<html>
<body>
<pre>
<h1>µVision Build Log</h1>
<h2>Tool Versions:</h2>
IDE-Version: ¦ÌVision V5.14.0.0
Copyright (C) 2015 ARM Ltd and ARM Germany GmbH. All rights reserved.
License Information: 11 11, 11, LIC=IC9UH-W9YQ4-D11PR-KRSXU-JCCLZ-9XJWK
 
Tool Versions:
Toolchain:       MDK-ARM Professional  Version: 5.14.0.0
Toolchain Path:  D:\keil5\ARM\ARMCC\Bin
C Compiler:      Armcc.exe V5.05 update 1 (build 106)
Assembler:       Armasm.exe V5.05 update 1 (build 106)
Linker/Locator:  ArmLink.exe V5.05 update 1 (build 106)
Library Manager: ArmAr.exe V5.05 update 1 (build 106)
Hex Converter:   FromElf.exe V5.05 update 1 (build 106)
CPU DLL:         SARMCM3.DLL V5.14.0.0
Dialog DLL:      DCM.DLL V1.13.1.0
Target DLL:      STLink\ST-LINKIII-KEIL_SWO.dll V2.0.14.0_KEIL
Dialog DLL:      TCM.DLL V1.14.4.0
 
<h2>Project:</h2>
C:\Users\Administrator\Desktop\lcd\TFT096\USER\TFT096.uvprojx
Project File Date:  06/08/2019

<h2>Output:</h2>
Build target 'TFT096'
compiling logo.c...
logo.h(15): warning:  #1-D: last line of file ends without a newline
  #endif
logo.c: 1 warning, 0 errors
compiling logo.c...
logo.h(15): warning:  #1-D: last line of file ends without a newline
  #endif
logo.c: 1 warning, 0 errors
linking...
..\OBJ\TTF096.axf: Warning: L6304W: Duplicate input file ..\obj\logo_1.o ignored.
Program Size: Code=10536 RO-data=32624 RW-data=3516 ZI-data=2724  
Finished: 0 information, 1 warning and 0 error messages.
FromELF: creating hex file...
"..\OBJ\TTF096.axf" - 0 Error(s), 3 Warning(s).

<h2>Collection of Component include folders:</h2>
  C:\Users\Administrator\Desktop\lcd\TFT096\USER\RTE
  D:\keil5\ARM\PACK\Keil\STM32F1xx_DFP\1.0.5\Device\Include

<h2>Collection of Component Files used:</h2>
</pre>
</body>
</html>
