Component: ARM Compiler 5.05 update 1 (build 106) Tool: armlink [4d0efa]

==============================================================================

Section Cross References

    main.o(i.main) refers to _printf_percent.o(.ARM.Collect$$_printf_percent$$00000000) for _printf_percent
    main.o(i.main) refers to _printf_s.o(.ARM.Collect$$_printf_percent$$00000014) for _printf_s
    main.o(i.main) refers to _printf_str.o(.text) for _printf_str
    main.o(i.main) refers to _scanf_int.o(.text) for _scanf_int
    main.o(i.main) refers to system_stm32f10x.o(i.SystemInit) for SystemInit
    main.o(i.main) refers to misc.o(i.NVIC_PriorityGroupConfig) for NVIC_PriorityGroupConfig
    main.o(i.main) refers to delay.o(i.delay_init) for delay_init
    main.o(i.main) refers to exit.o(i.EXTIX_Init) for EXTIX_Init
    main.o(i.main) refers to usart.o(i.uart_init) for uart_init
    main.o(i.main) refers to lcd_driver.o(i.Lcd_Init) for Lcd_Init
    main.o(i.main) refers to timer.o(i.TIM3_Int_Init) for TIM3_Int_Init
    main.o(i.main) refers to lcd_driver.o(i.showlogo) for showlogo
    main.o(i.main) refers to lcd_driver.o(i.Lcd_Clear) for Lcd_Clear
    main.o(i.main) refers to lcd_driver.o(i.chinese_Str) for chinese_Str
    main.o(i.main) refers to noretval__2printf.o(.text) for __2printf
    main.o(i.main) refers to strncmp.o(.text) for strncmp
    main.o(i.main) refers to __0sscanf.o(.text) for __0sscanf
    main.o(i.main) refers to strcpy.o(.text) for strcpy
    main.o(i.main) refers to rt_memclr.o(.text) for __aeabi_memclr
    main.o(i.main) refers to stm32f10x_tim.o(i.TIM_ITConfig) for TIM_ITConfig
    main.o(i.main) refers to lcd_driver.o(i.Lcd_Show_Image) for Lcd_Show_Image
    main.o(i.main) refers to clock.o(i.write_MQTT) for write_MQTT
    main.o(i.main) refers to clock.o(i.write_Weather) for write_Weather
    main.o(i.main) refers to clock.o(i.write_Dht11_Info) for write_Dht11_Info
    main.o(i.main) refers to clock.o(i.write_Time) for write_Time
    main.o(i.main) refers to clock.o(.bss) for weather_Clock
    main.o(i.main) refers to logo_1.o(.constdata) for gImage_112
    main.o(i.main) refers to lcd_driver.o(.data) for BACK_COLOR
    main.o(i.main) refers to usart.o(.data) for USART_RX_STA
    main.o(i.main) refers to usart.o(.bss) for USART_RX_BUF
    main.o(i.main) refers to main.o(.bss) for buf
    main.o(i.main) refers to exit.o(.data) for state_Clock
    main.o(i.main) refers to logo_1.o(.data) for clock_bmp
    system_stm32f10x.o(i.SetSysClock) refers to system_stm32f10x.o(i.SetSysClockTo72) for SetSysClockTo72
    system_stm32f10x.o(i.SystemCoreClockUpdate) refers to system_stm32f10x.o(.data) for SystemCoreClock
    system_stm32f10x.o(i.SystemInit) refers to system_stm32f10x.o(i.SetSysClock) for SetSysClock
    exit.o(i.EXTI15_10_IRQHandler) refers to delay.o(i.delay_ms) for delay_ms
    exit.o(i.EXTI15_10_IRQHandler) refers to stm32f10x_exti.o(i.EXTI_GetITStatus) for EXTI_GetITStatus
    exit.o(i.EXTI15_10_IRQHandler) refers to noretval__2printf.o(.text) for __2printf
    exit.o(i.EXTI15_10_IRQHandler) refers to stm32f10x_exti.o(i.EXTI_ClearITPendingBit) for EXTI_ClearITPendingBit
    exit.o(i.EXTI15_10_IRQHandler) refers to clock.o(.bss) for weather_Clock
    exit.o(i.EXTI9_5_IRQHandler) refers to delay.o(i.delay_ms) for delay_ms
    exit.o(i.EXTI9_5_IRQHandler) refers to stm32f10x_exti.o(i.EXTI_GetITStatus) for EXTI_GetITStatus
    exit.o(i.EXTI9_5_IRQHandler) refers to stm32f10x_tim.o(i.TIM_ITConfig) for TIM_ITConfig
    exit.o(i.EXTI9_5_IRQHandler) refers to lcd_driver.o(i.Lcd_Show_Image) for Lcd_Show_Image
    exit.o(i.EXTI9_5_IRQHandler) refers to stm32f10x_exti.o(i.EXTI_ClearITPendingBit) for EXTI_ClearITPendingBit
    exit.o(i.EXTI9_5_IRQHandler) refers to lcd_driver.o(.data) for POINT_COLOR
    exit.o(i.EXTI9_5_IRQHandler) refers to logo_1.o(.data) for clock_bmp
    exit.o(i.EXTI9_5_IRQHandler) refers to exit.o(.data) for state_Clock
    exit.o(i.EXTIX_Init) refers to led.o(i.KEY_Init) for KEY_Init
    exit.o(i.EXTIX_Init) refers to stm32f10x_rcc.o(i.RCC_APB2PeriphClockCmd) for RCC_APB2PeriphClockCmd
    exit.o(i.EXTIX_Init) refers to stm32f10x_gpio.o(i.GPIO_EXTILineConfig) for GPIO_EXTILineConfig
    exit.o(i.EXTIX_Init) refers to stm32f10x_exti.o(i.EXTI_Init) for EXTI_Init
    exit.o(i.EXTIX_Init) refers to misc.o(i.NVIC_Init) for NVIC_Init
    led.o(i.KEY_Init) refers to stm32f10x_rcc.o(i.RCC_APB2PeriphClockCmd) for RCC_APB2PeriphClockCmd
    led.o(i.KEY_Init) refers to stm32f10x_gpio.o(i.GPIO_Init) for GPIO_Init
    led.o(i.KEY_Scan) refers to delay.o(i.delay_ms) for delay_ms
    led.o(i.KEY_Scan) refers to led.o(.data) for key_up
    lcd_driver.o(i.Lcd_Clear) refers to lcd_driver.o(i.Lcd_Set_Region) for Lcd_Set_Region
    lcd_driver.o(i.Lcd_Clear) refers to lcd_driver.o(i.Lcd_WriteCommand) for Lcd_WriteCommand
    lcd_driver.o(i.Lcd_Clear) refers to lcd_driver.o(i.Lcd_WriteData16) for Lcd_WriteData16
[...]
    Removing stm32f10x_spi.o(i.SPI_I2S_ReceiveData), (6 bytes).
    Removing stm32f10x_spi.o(i.SPI_I2S_SendData), (4 bytes).
    Removing stm32f10x_spi.o(i.SPI_Init), (60 bytes).
    Removing stm32f10x_spi.o(i.SPI_NSSInternalSoftwareConfig), (30 bytes).
    Removing stm32f10x_spi.o(i.SPI_SSOutputCmd), (24 bytes).
    Removing stm32f10x_spi.o(i.SPI_StructInit), (24 bytes).
    Removing stm32f10x_spi.o(i.SPI_TransmitCRC), (10 bytes).
    Removing stm32f10x_tim.o(i.TI1_Config), (128 bytes).
    Removing stm32f10x_tim.o(i.TI2_Config), (152 bytes).
    Removing stm32f10x_tim.o(i.TI3_Config), (144 bytes).
    Removing stm32f10x_tim.o(i.TI4_Config), (152 bytes).
    Removing stm32f10x_tim.o(i.TIM_ARRPreloadConfig), (24 bytes).
    Removing stm32f10x_tim.o(i.TIM_BDTRConfig), (32 bytes).
    Removing stm32f10x_tim.o(i.TIM_BDTRStructInit), (18 bytes).
    Removing stm32f10x_tim.o(i.TIM_CCPreloadControl), (24 bytes).
    Removing stm32f10x_tim.o(i.TIM_CCxCmd), (30 bytes).
    Removing stm32f10x_tim.o(i.TIM_CCxNCmd), (30 bytes).
    Removing stm32f10x_tim.o(i.TIM_ClearFlag), (6 bytes).
    Removing stm32f10x_tim.o(i.TIM_ClearOC1Ref), (18 bytes).
    Removing stm32f10x_tim.o(i.TIM_ClearOC2Ref), (24 bytes).
    Removing stm32f10x_tim.o(i.TIM_ClearOC3Ref), (18 bytes).
    Removing stm32f10x_tim.o(i.TIM_ClearOC4Ref), (24 bytes).
    Removing stm32f10x_tim.o(i.TIM_CounterModeConfig), (18 bytes).
    Removing stm32f10x_tim.o(i.TIM_CtrlPWMOutputs), (30 bytes).
    Removing stm32f10x_tim.o(i.TIM_DMACmd), (18 bytes).
    Removing stm32f10x_tim.o(i.TIM_DMAConfig), (10 bytes).
    Removing stm32f10x_tim.o(i.TIM_DeInit), (488 bytes).
    Removing stm32f10x_tim.o(i.TIM_ETRClockMode1Config), (54 bytes).
    Removing stm32f10x_tim.o(i.TIM_ETRClockMode2Config), (32 bytes).
    Removing stm32f10x_tim.o(i.TIM_ETRConfig), (28 bytes).
    Removing stm32f10x_tim.o(i.TIM_EncoderInterfaceConfig), (66 bytes).
    Removing stm32f10x_tim.o(i.TIM_ForcedOC1Config), (18 bytes).
    Removing stm32f10x_tim.o(i.TIM_ForcedOC2Config), (26 bytes).
    Removing stm32f10x_tim.o(i.TIM_ForcedOC3Config), (18 bytes).
    Removing stm32f10x_tim.o(i.TIM_ForcedOC4Config), (26 bytes).
    Removing stm32f10x_tim.o(i.TIM_GenerateEvent), (4 bytes).
    Removing stm32f10x_tim.o(i.TIM_GetCapture1), (6 bytes).
    Removing stm32f10x_tim.o(i.TIM_GetCapture2), (6 bytes).
    Removing stm32f10x_tim.o(i.TIM_GetCapture3), (6 bytes).
    Removing stm32f10x_tim.o(i.TIM_GetCapture4), (8 bytes).
    Removing stm32f10x_tim.o(i.TIM_GetCounter), (6 bytes).
    Removing stm32f10x_tim.o(i.TIM_GetFlagStatus), (18 bytes).
    Removing stm32f10x_tim.o(i.TIM_GetPrescaler), (6 bytes).
    Removing stm32f10x_tim.o(i.TIM_ICInit), (172 bytes).
    Removing stm32f10x_tim.o(i.TIM_ICStructInit), (18 bytes).
    Removing stm32f10x_tim.o(i.TIM_ITRxExternalClockConfig), (24 bytes).
    Removing stm32f10x_tim.o(i.TIM_InternalClockConfig), (12 bytes).
    Removing stm32f10x_tim.o(i.TIM_OC1FastConfig), (18 bytes).
    Removing stm32f10x_tim.o(i.TIM_OC1Init), (152 bytes).
    Removing stm32f10x_tim.o(i.TIM_OC1NPolarityConfig), (18 bytes).
    Removing stm32f10x_tim.o(i.TIM_OC1PolarityConfig), (18 bytes).
    Removing stm32f10x_tim.o(i.TIM_OC1PreloadConfig), (18 bytes).
    Removing stm32f10x_tim.o(i.TIM_OC2FastConfig), (26 bytes).
    Removing stm32f10x_tim.o(i.TIM_OC2Init), (164 bytes).
    Removing stm32f10x_tim.o(i.TIM_OC2NPolarityConfig), (26 bytes).
    Removing stm32f10x_tim.o(i.TIM_OC2PolarityConfig), (26 bytes).
    Removing stm32f10x_tim.o(i.TIM_OC2PreloadConfig), (26 bytes).
    Removing stm32f10x_tim.o(i.TIM_OC3FastConfig), (18 bytes).
    Removing stm32f10x_tim.o(i.TIM_OC3Init), (160 bytes).
    Removing stm32f10x_tim.o(i.TIM_OC3NPolarityConfig), (26 bytes).
    Removing stm32f10x_tim.o(i.TIM_OC3PolarityConfig), (26 bytes).
    Removing stm32f10x_tim.o(i.TIM_OC3PreloadConfig), (18 bytes).
    Removing stm32f10x_tim.o(i.TIM_OC4FastConfig), (26 bytes).
    Removing stm32f10x_tim.o(i.TIM_OC4Init), (124 bytes).
    Removing stm32f10x_tim.o(i.TIM_OC4PolarityConfig), (26 bytes).
    Removing stm32f10x_tim.o(i.TIM_OC4PreloadConfig), (26 bytes).
    Removing stm32f10x_tim.o(i.TIM_OCStructInit), (20 bytes).
    Removing stm32f10x_tim.o(i.TIM_PWMIConfig), (124 bytes).
    Removing stm32f10x_tim.o(i.TIM_PrescalerConfig), (6 bytes).
    Removing stm32f10x_tim.o(i.TIM_SelectCCDMA), (24 bytes).
    Removing stm32f10x_tim.o(i.TIM_SelectCOM), (24 bytes).
    Removing stm32f10x_tim.o(i.TIM_SelectHallSensor), (24 bytes).
    Removing stm32f10x_tim.o(i.TIM_SelectInputTrigger), (18 bytes).
    Removing stm32f10x_tim.o(i.TIM_SelectMasterSlaveMode), (18 bytes).
    Removing stm32f10x_tim.o(i.TIM_SelectOCxM), (82 bytes).
    Removing stm32f10x_tim.o(i.TIM_SelectOnePulseMode), (18 bytes).
    Removing stm32f10x_tim.o(i.TIM_SelectOutputTrigger), (18 bytes).
    Removing stm32f10x_tim.o(i.TIM_SelectSlaveMode), (18 bytes).
    Removing stm32f10x_tim.o(i.TIM_SetAutoreload), (4 bytes).
    Removing stm32f10x_tim.o(i.TIM_SetClockDivision), (18 bytes).
    Removing stm32f10x_tim.o(i.TIM_SetCompare1), (4 bytes).
    Removing stm32f10x_tim.o(i.TIM_SetCompare2), (4 bytes).
    Removing stm32f10x_tim.o(i.TIM_SetCompare3), (4 bytes).
    Removing stm32f10x_tim.o(i.TIM_SetCompare4), (6 bytes).
    Removing stm32f10x_tim.o(i.TIM_SetCounter), (4 bytes).
    Removing stm32f10x_tim.o(i.TIM_SetIC1Prescaler), (18 bytes).
    Removing stm32f10x_tim.o(i.TIM_SetIC2Prescaler), (26 bytes).
    Removing stm32f10x_tim.o(i.TIM_SetIC3Prescaler), (18 bytes).
    Removing stm32f10x_tim.o(i.TIM_SetIC4Prescaler), (26 bytes).
    Removing stm32f10x_tim.o(i.TIM_TIxExternalClockConfig), (62 bytes).
    Removing stm32f10x_tim.o(i.TIM_TimeBaseStructInit), (18 bytes).
    Removing stm32f10x_tim.o(i.TIM_UpdateDisableConfig), (24 bytes).
    Removing stm32f10x_tim.o(i.TIM_UpdateRequestConfig), (24 bytes).
    Removing stm32f10x_wwdg.o(i.WWDG_ClearFlag), (12 bytes).
    Removing stm32f10x_wwdg.o(i.WWDG_DeInit), (22 bytes).
    Removing stm32f10x_wwdg.o(i.WWDG_Enable), (16 bytes).
    Removing stm32f10x_wwdg.o(i.WWDG_EnableIT), (12 bytes).
    Removing stm32f10x_wwdg.o(i.WWDG_GetFlagStatus), (12 bytes).
    Removing stm32f10x_wwdg.o(i.WWDG_SetCounter), (16 bytes).
    Removing stm32f10x_wwdg.o(i.WWDG_SetPrescaler), (24 bytes).
    Removing stm32f10x_wwdg.o(i.WWDG_SetWindowValue), (40 bytes).

463 unused section(s) (total 18061 bytes) removed from the image.

==============================================================================

Image Symbol Table

    Local Symbols

    Symbol Name                              Value     Ov Type        Size  Object(Section)

    ../clib/angel/boardlib.s                 0x00000000   Number         0  boardinit1.o ABSOLUTE
    ../clib/angel/boardlib.s                 0x00000000   Number         0  boardinit3.o ABSOLUTE
    ../clib/angel/boardlib.s                 0x00000000   Number         0  boardinit2.o ABSOLUTE
    ../clib/angel/boardlib.s                 0x00000000   Number         0  boardshut.o ABSOLUTE
    ../clib/angel/dczerorl2.s                0x00000000   Number         0  __dczerorl2.o ABSOLUTE
    ../clib/angel/handlers.s                 0x00000000   Number         0  __scatter_zi.o ABSOLUTE
    ../clib/angel/kernel.s                   0x00000000   Number         0  rtexit.o ABSOLUTE
    ../clib/angel/kernel.s                   0x00000000   Number         0  __rtentry.o ABSOLUTE
    ../clib/angel/kernel.s                   0x00000000   Number         0  __rtentry4.o ABSOLUTE
    ../clib/angel/kernel.s                   0x00000000   Number         0  rtexit2.o ABSOLUTE
    ../clib/angel/kernel.s                   0x00000000   Number         0  __rtentry2.o ABSOLUTE
    ../clib/angel/rt.s                       0x00000000   Number         0  rt_raise.o ABSOLUTE
    ../clib/angel/rt.s                       0x00000000   Number         0  rt_ctype_table.o ABSOLUTE
    ../clib/angel/rt.s                       0x00000000   Number         0  rt_locale.o ABSOLUTE
    ../clib/angel/rt.s                       0x00000000   Number         0  rt_locale_intlibspace.o ABSOLUTE
    ../clib/angel/scatter.s                  0x00000000   Number         0  __scatter.o ABSOLUTE
    ../clib/angel/startup.s                  0x00000000   Number         0  __main.o ABSOLUTE
    ../clib/angel/sys.s                      0x00000000   Number         0  sys_stackheap_outer.o ABSOLUTE
    ../clib/angel/sys.s                      0x00000000   Number         0  libspace.o ABSOLUTE
    ../clib/angel/sys.s                      0x00000000   Number         0  indicate_semi.o ABSOLUTE
    ../clib/angel/sys.s                      0x00000000   Number         0  use_no_semi.o ABSOLUTE
    ../clib/angel/sys.s                      0x00000000   Number         0  use_no_semi_2.o ABSOLUTE
    ../clib/angel/sysapp.c                   0x00000000   Number         0  sys_command.o ABSOLUTE
    ../clib/angel/sysapp.c                   0x00000000   Number         0  sys_wrch.o ABSOLUTE
    ../clib/armsys.c                         0x00000000   Number         0  argv_veneer.o ABSOLUTE
    ../clib/armsys.c                         0x00000000   Number         0  no_argv.o ABSOLUTE
    ../clib/armsys.c                         0x00000000   Number         0  _get_argv_nomalloc.o ABSOLUTE
    ../clib/armsys.c                         0x00000000   Number         0  argv_veneer.o ABSOLUTE
    ../clib/ctype.c                          0x00000000   Number         0  isspace.o ABSOLUTE
    ../clib/heapalloc.c                      0x00000000   Number         0  hrguard.o ABSOLUTE
    ../clib/heapaux.c                        0x00000000   Number         0  heapauxi.o ABSOLUTE
    ../clib/libinit.s                        0x00000000   Number         0  libinit2.o ABSOLUTE
    ../clib/libinit.s                        0x00000000   Number         0  libinit.o ABSOLUTE
    ../clib/libinit.s                        0x00000000   Number         0  libshutdown.o ABSOLUTE
    ../clib/libinit.s                        0x00000000   Number         0  libshutdown2.o ABSOLUTE
    ../clib/locale.s                         0x00000000   Number         0  lc_ctype_c.o ABSOLUTE
    ../clib/memcpset.s                       0x00000000   Number         0  rt_memclr.o ABSOLUTE
    ../clib/memcpset.s                       0x00000000   Number         0  rt_memclr_w.o ABSOLUTE
    ../clib/memcpset.s                       0x00000000   Number         0  strcmpv7m.o ABSOLUTE
    ../clib/misc.s                           0x00000000   Number         0  printf_stubs.o ABSOLUTE
    ../clib/printf.c                         0x00000000   Number         0  noretval__2printf.o ABSOLUTE
    ../clib/printf.c                         0x00000000   Number         0  noretval__2sprintf.o ABSOLUTE
    ../clib/printf.c                         0x00000000   Number         0  __2sprintf.o ABSOLUTE
    ../clib/printf.c                         0x00000000   Number         0  _printf_char_file.o ABSOLUTE
    ../clib/printf.c                         0x00000000   Number         0  __printf_nopercent.o ABSOLUTE
    ../clib/printf.c                         0x00000000   Number         0  __printf_flags_ss_wp.o ABSOLUTE
    ../clib/printf.c                         0x00000000   Number         0  _printf_char.o ABSOLUTE
    ../clib/printf.c                         0x00000000   Number         0  _sputc.o ABSOLUTE
    ../clib/printf.c                         0x00000000   Number         0  __printf_ss_wp.o ABSOLUTE
    ../clib/printf.c                         0x00000000   Number         0  _printf_intcommon.o ABSOLUTE
    ../clib/printf.c                         0x00000000   Number         0  __printf_flags_ss.o ABSOLUTE
    ../clib/printf.c                         0x00000000   Number         0  __printf_ss.o ABSOLUTE
    ../clib/printf.c                         0x00000000   Number         0  __2printf.o ABSOLUTE
    ../clib/printf.c                         0x00000000   Number         0  _printf_pad.o ABSOLUTE
    ../clib/printf.c                         0x00000000   Number         0  __printf_flags.o ABSOLUTE
    ../clib/printf.c                         0x00000000   Number         0  _printf_char_common.o ABSOLUTE
    ../clib/printf.c                         0x00000000   Number         0  __printf_wp.o ABSOLUTE
    ../clib/printf.c                         0x00000000   Number         0  _printf_dec.o ABSOLUTE
    ../clib/printf.c                         0x00000000   Number         0  _printf_str.o ABSOLUTE
    ../clib/printf.c                         0x00000000   Number         0  __printf.o ABSOLUTE
    ../clib/printf.c                         0x00000000   Number         0  __printf_flags_wp.o ABSOLUTE
    ../clib/printf_percent.s                 0x00000000   Number         0  _printf_s.o ABSOLUTE
    ../clib/printf_percent.s                 0x00000000   Number         0  _printf_percent.o ABSOLUTE
    ../clib/printf_percent.s                 0x00000000   Number         0  _printf_d.o ABSOLUTE
    ../clib/printf_percent.s                 0x00000000   Number         0  _printf_percent_end.o ABSOLUTE
    ../clib/scanf.c                          0x00000000   Number         0  __0sscanf.o ABSOLUTE
    ../clib/scanf.c                          0x00000000   Number         0  _scanf_str.o ABSOLUTE
    ../clib/scanf.c                          0x00000000   Number         0  _scanf_int.o ABSOLUTE
    ../clib/scanf.c                          0x00000000   Number         0  _sgetc.o ABSOLUTE
    ../clib/scanf.c                          0x00000000   Number         0  _chval.o ABSOLUTE
    ../clib/scanf.c                          0x00000000   Number         0  _scanf.o ABSOLUTE
    ../clib/scanf.c                          0x00000000   Number         0  scanf_char.o ABSOLUTE
    ../clib/signal.c                         0x00000000   Number         0  defsig_rtred_inner.o ABSOLUTE
    ../clib/signal.c                         0x00000000   Number         0  defsig_other.o ABSOLUTE
    ../clib/signal.c                         0x00000000   Number         0  defsig_segv_inner.o ABSOLUTE
    ../clib/signal.c                         0x00000000   Number         0  defsig_fpe_inner.o ABSOLUTE
    ../clib/signal.c                         0x00000000   Number         0  defsig_abrt_inner.o ABSOLUTE
    ../clib/signal.c                         0x00000000   Number         0  defsig_cppl_inner.o ABSOLUTE
    ../clib/signal.c                         0x00000000   Number         0  defsig_rtmem_outer.o ABSOLUTE
    ../clib/signal.c                         0x00000000   Number         0  defsig_general.o ABSOLUTE
    ../clib/signal.c                         0x00000000   Number         0  defsig_rtmem_formal.o ABSOLUTE
    ../clib/signal.c                         0x00000000   Number         0  defsig_exit.o ABSOLUTE
    ../clib/signal.c                         0x00000000   Number         0  defsig_pvfn_inner.o ABSOLUTE
    ../clib/signal.c                         0x00000000   Number         0  defsig_stak_inner.o ABSOLUTE
    ../clib/signal.c                         0x00000000   Number         0  __raise.o ABSOLUTE
    ../clib/signal.c                         0x00000000   Number         0  defsig_rtmem_inner.o ABSOLUTE
    ../clib/signal.s                         0x00000000   Number         0  defsig.o ABSOLUTE
    ../clib/stdio.c                          0x00000000   Number         0  ferror.o ABSOLUTE
    ../clib/stdio.c                          0x00000000   Number         0  ferror_locked.o ABSOLUTE
    ../clib/stdlib.c                         0x00000000   Number         0  exit.o ABSOLUTE
    ../clib/string.c                         0x00000000   Number         0  strcpy.o ABSOLUTE
    ../clib/string.c                         0x00000000   Number         0  strncmp.o ABSOLUTE
    ../fplib/fpinit.s                        0x00000000   Number         0  fpinit.o ABSOLUTE
    ..\CORE\core_cm3.c                       0x00000000   Number         0  core_cm3.o ABSOLUTE
    ..\CORE\startup_stm32f10x_md.s           0x00000000   Number         0  startup_stm32f10x_md.o ABSOLUTE
    ..\HARDWARE\LED\led.c                    0x00000000   Number         0  led.o ABSOLUTE
    ..\HARDWARE\clock.c                      0x00000000   Number         0  clock.o ABSOLUTE
    ..\HARDWARE\tft096\Lcd_Driver.c          0x00000000   Number         0  lcd_driver.o ABSOLUTE
    ..\HARDWARE\timer.c                      0x00000000   Number         0  timer.o ABSOLUTE
    ..\STM32F10x_FWLib\src\misc.c            0x00000000   Number         0  misc.o ABSOLUTE
    ..\STM32F10x_FWLib\src\stm32f10x_adc.c   0x00000000   Number         0  stm32f10x_adc.o ABSOLUTE
    ..\STM32F10x_FWLib\src\stm32f10x_bkp.c   0x00000000   Number         0  stm32f10x_bkp.o ABSOLUTE
    ..\STM32F10x_FWLib\src\stm32f10x_can.c   0x00000000   Number         0  stm32f10x_can.o ABSOLUTE
    ..\STM32F10x_FWLib\src\stm32f10x_cec.c   0x00000000   Number         0  stm32f10x_cec.o ABSOLUTE
    ..\STM32F10x_FWLib\src\stm32f10x_crc.c   0x00000000   Number         0  stm32f10x_crc.o ABSOLUTE
    ..\STM32F10x_FWLib\src\stm32f10x_dac.c   0x00000000   Number         0  stm32f10x_dac.o ABSOLUTE
    ..\STM32F10x_FWLib\src\stm32f10x_dbgmcu.c 0x00000000   Number         0  stm32f10x_dbgmcu.o ABSOLUTE
    ..\STM32F10x_FWLib\src\stm32f10x_dma.c   0x00000000   Number         0  stm32f10x_dma.o ABSOLUTE
    ..\STM32F10x_FWLib\src\stm32f10x_exti.c  0x00000000   Number         0  stm32f10x_exti.o ABSOLUTE
    ..\STM32F10x_FWLib\src\stm32f10x_flash.c 0x00000000   Number         0  stm32f10x_flash.o ABSOLUTE
    ..\STM32F10x_FWLib\src\stm32f10x_fsmc.c  0x00000000   Number         0  stm32f10x_fsmc.o ABSOLUTE
    ..\STM32F10x_FWLib\src\stm32f10x_gpio.c  0x00000000   Number         0  stm32f10x_gpio.o ABSOLUTE
    ..\STM32F10x_FWLib\src\stm32f10x_i2c.c   0x00000000   Number         0  stm32f10x_i2c.o ABSOLUTE
    ..\STM32F10x_FWLib\src\stm32f10x_iwdg.c  0x00000000   Number         0  stm32f10x_iwdg.o ABSOLUTE
    ..\STM32F10x_FWLib\src\stm32f10x_pwr.c   0x00000000   Number         0  stm32f10x_pwr.o ABSOLUTE
    ..\STM32F10x_FWLib\src\stm32f10x_rcc.c   0x00000000   Number         0  stm32f10x_rcc.o ABSOLUTE
    ..\STM32F10x_FWLib\src\stm32f10x_rtc.c   0x00000000   Number         0  stm32f10x_rtc.o ABSOLUTE
    ..\STM32F10x_FWLib\src\stm32f10x_sdio.c  0x00000000   Number         0  stm32f10x_sdio.o ABSOLUTE
    ..\STM32F10x_FWLib\src\stm32f10x_spi.c   0x00000000   Number         0  stm32f10x_spi.o ABSOLUTE
    ..\STM32F10x_FWLib\src\stm32f10x_tim.c   0x00000000   Number         0  stm32f10x_tim.o ABSOLUTE
    ..\STM32F10x_FWLib\src\stm32f10x_usart.c 0x00000000   Number         0  stm32f10x_usart.o ABSOLUTE
    ..\STM32F10x_FWLib\src\stm32f10x_wwdg.c  0x00000000   Number         0  stm32f10x_wwdg.o ABSOLUTE
    ..\SYSTEM\delay\delay.c                  0x00000000   Number         0  delay.o ABSOLUTE
    ..\SYSTEM\sys\sys.c                      0x00000000   Number         0  sys.o ABSOLUTE
    ..\SYSTEM\usart\usart.c                  0x00000000   Number         0  usart.o ABSOLUTE
    ..\\CORE\\core_cm3.c                     0x00000000   Number         0  core_cm3.o ABSOLUTE
    ..\\SYSTEM\\sys\\sys.c                   0x00000000   Number         0  sys.o ABSOLUTE
    dc.s                                     0x00000000   Number         0  dc.o ABSOLUTE
    exit.c                                   0x00000000   Number         0  exit.o ABSOLUTE
    font.c                                   0x00000000   Number         0  font.o ABSOLUTE
    logo.c                                   0x00000000   Number         0  logo_1.o ABSOLUTE
    main.c                                   0x00000000   Number         0  main.o ABSOLUTE
    stm32f10x_it.c                           0x00000000   Number         0  stm32f10x_it.o ABSOLUTE
    system_stm32f10x.c                       0x00000000   Number         0  system_stm32f10x.o ABSOLUTE
    RESET                                    0x08000000   Section      236  startup_stm32f10x_md.o(RESET)
    !!!main                                  0x080000ec   Section        8  __main.o(!!!main)
    !!!scatter                               0x080000f4   Section       52  __scatter.o(!!!scatter)
    !!dczerorl2                              0x08000128   Section       90  __dczerorl2.o(!!dczerorl2)
    !!handler_zi                             0x08000184   Section       28  __scatter_zi.o(!!handler_zi)
    .ARM.Collect$$_printf_percent$$00000000  0x080001a0   Section        0  _printf_percent.o(.ARM.Collect$$_printf_percent$$00000000)
    .ARM.Collect$$_printf_percent$$00000009  0x080001a0   Section        6  _printf_d.o(.ARM.Collect$$_printf_percent$$00000009)
    .ARM.Collect$$_printf_percent$$00000014  0x080001a6   Section        6  _printf_s.o(.ARM.Collect$$_printf_percent$$00000014)
    .ARM.Collect$$_printf_percent$$00000017  0x080001ac   Section        4  _printf_percent_end.o(.ARM.Collect$$_printf_percent$$00000017)
    .ARM.Collect$$libinit$$00000000          0x080001b0   Section        2  libinit.o(.ARM.Collect$$libinit$$00000000)
    .ARM.Collect$$libinit$$00000002          0x080001b2   Section        0  libinit2.o(.ARM.Collect$$libinit$$00000002)
    .ARM.Collect$$libinit$$00000004          0x080001b2   Section        0  libinit2.o(.ARM.Collect$$libinit$$00000004)
    .ARM.Collect$$libinit$$0000000A          0x080001b2   Section        0  libinit2.o(.ARM.Collect$$libinit$$0000000A)
    .ARM.Collect$$libinit$$0000000C          0x080001b2   Section        0  libinit2.o(.ARM.Collect$$libinit$$0000000C)
    .ARM.Collect$$libinit$$0000000E          0x080001b2   Section        0  libinit2.o(.ARM.Collect$$libinit$$0000000E)
    .ARM.Collect$$libinit$$0000000F          0x080001b2   Section        6  libinit2.o(.ARM.Collect$$libinit$$0000000F)
    .ARM.Collect$$libinit$$00000011          0x080001b8   Section        0  libinit2.o(.ARM.Collect$$libinit$$00000011)
    .ARM.Collect$$libinit$$00000012          0x080001b8   Section       12  libinit2.o(.ARM.Collect$$libinit$$00000012)
    .ARM.Collect$$libinit$$00000013          0x080001c4   Section        0  libinit2.o(.ARM.Collect$$libinit$$00000013)
    .ARM.Collect$$libinit$$00000015          0x080001c4   Section        0  libinit2.o(.ARM.Collect$$libinit$$00000015)
    .ARM.Collect$$libinit$$00000017          0x080001c4   Section        0  libinit2.o(.ARM.Collect$$libinit$$00000017)
    .ARM.Collect$$libinit$$00000019          0x080001c4   Section        0  libinit2.o(.ARM.Collect$$libinit$$00000019)
    .ARM.Collect$$libinit$$0000001B          0x080001c4   Section        0  libinit2.o(.ARM.Collect$$libinit$$0000001B)
    .ARM.Collect$$libinit$$0000001D          0x080001c4   Section        0  libinit2.o(.ARM.Collect$$libinit$$0000001D)
    .ARM.Collect$$libinit$$0000001F          0x080001c4   Section        0  libinit2.o(.ARM.Collect$$libinit$$0000001F)
    .ARM.Collect$$libinit$$00000021          0x080001c4   Section        0  libinit2.o(.ARM.Collect$$libinit$$00000021)
    .ARM.Collect$$libinit$$00000023          0x080001c4   Section        0  libinit2.o(.ARM.Collect$$libinit$$00000023)
    .ARM.Collect$$libinit$$00000025          0x080001c4   Section        0  libinit2.o(.ARM.Collect$$libinit$$00000025)
    .ARM.Collect$$libinit$$0000002C          0x080001c4   Section        0  libinit2.o(.ARM.Collect$$libinit$$0000002C)
    .ARM.Collect$$libinit$$0000002E          0x080001c4   Section        0  libinit2.o(.ARM.Collect$$libinit$$0000002E)
    .ARM.Collect$$libinit$$00000030          0x080001c4   Section        0  libinit2.o(.ARM.Collect$$libinit$$00000030)
    .ARM.Collect$$libinit$$00000032          0x080001c4   Section        0  libinit2.o(.ARM.Collect$$libinit$$00000032)
    .ARM.Collect$$libinit$$00000033          0x080001c4   Section        2  libinit2.o(.ARM.Collect$$libinit$$00000033)
    .ARM.Collect$$libshutdown$$00000000      0x080001c6   Section        2  libshutdown.o(.ARM.Collect$$libshutdown$$00000000)
    .ARM.Collect$$libshutdown$$00000003      0x080001c8   Section        0  libshutdown2.o(.ARM.Collect$$libshutdown$$00000003)
    .ARM.Collect$$libshutdown$$00000006      0x080001c8   Section        0  libshutdown2.o(.ARM.Collect$$libshutdown$$00000006)
    .ARM.Collect$$libshutdown$$00000009      0x080001c8   Section        0  libshutdown2.o(.ARM.Collect$$libshutdown$$00000009)
    .ARM.Collect$$libshutdown$$0000000B      0x080001c8   Section        0  libshutdown2.o(.ARM.Collect$$libshutdown$$0000000B)
    .ARM.Collect$$libshutdown$$0000000E      0x080001c8   Section        0  libshutdown2.o(.ARM.Collect$$libshutdown$$0000000E)
    .ARM.Collect$$libshutdown$$0000000F      0x080001c8   Section        2  libshutdown2.o(.ARM.Collect$$libshutdown$$0000000F)
    .ARM.Collect$$rtentry$$00000000          0x080001ca   Section        0  __rtentry.o(.ARM.Collect$$rtentry$$00000000)
    .ARM.Collect$$rtentry$$00000002          0x080001ca   Section        0  __rtentry2.o(.ARM.Collect$$rtentry$$00000002)
    .ARM.Collect$$rtentry$$00000004          0x080001ca   Section        6  __rtentry4.o(.ARM.Collect$$rtentry$$00000004)
    .ARM.Collect$$rtentry$$00000009          0x080001d0   Section        0  __rtentry2.o(.ARM.Collect$$rtentry$$00000009)
    .ARM.Collect$$rtentry$$0000000A          0x080001d0   Section        4  __rtentry2.o(.ARM.Collect$$rtentry$$0000000A)
    .ARM.Collect$$rtentry$$0000000C          0x080001d4   Section        0  __rtentry2.o(.ARM.Collect$$rtentry$$0000000C)
    .ARM.Collect$$rtentry$$0000000D          0x080001d4   Section        8  __rtentry2.o(.ARM.Collect$$rtentry$$0000000D)
    .ARM.Collect$$rtexit$$00000000           0x080001dc   Section        2  rtexit.o(.ARM.Collect$$rtexit$$00000000)
    .ARM.Collect$$rtexit$$00000002           0x080001de   Section        0  rtexit2.o(.ARM.Collect$$rtexit$$00000002)
    .ARM.Collect$$rtexit$$00000003           0x080001de   Section        4  rtexit2.o(.ARM.Collect$$rtexit$$00000003)
    .ARM.Collect$$rtexit$$00000004           0x080001e2   Section        6  rtexit2.o(.ARM.Collect$$rtexit$$00000004)
    .text                                    0x080001e8   Section       64  startup_stm32f10x_md.o(.text)
    .text                                    0x08000228   Section        2  use_no_semi_2.o(.text)
    .text                                    0x0800022c   Section        0  noretval__2printf.o(.text)
    .text                                    0x08000244   Section        0  noretval__2sprintf.o(.text)
    .text                                    0x0800026c   Section        0  _printf_pad.o(.text)
    .text                                    0x080002ba   Section        0  _printf_str.o(.text)
    .text                                    0x0800030c   Section        0  _printf_dec.o(.text)
    .text                                    0x08000384   Section        0  __printf_flags_wp.o(.text)
    .text                                    0x080004bc   Section        0  __0sscanf.o(.text)
    .text                                    0x080004f8   Section        0  _scanf_int.o(.text)
    .text                                    0x08000644   Section        0  _scanf_str.o(.text)
    .text                                    0x08000724   Section        0  strcpy.o(.text)
    .text                                    0x0800076c   Section        0  strncmp.o(.text)
    .text                                    0x08000802   Section       68  rt_memclr.o(.text)
    .text                                    0x08000846   Section       78  rt_memclr_w.o(.text)
    .text                                    0x08000894   Section        0  heapauxi.o(.text)
    .text                                    0x0800089a   Section        2  use_no_semi.o(.text)
    .text                                    0x0800089c   Section        0  _printf_intcommon.o(.text)
    .text                                    0x08000950   Section        0  _printf_char_common.o(.text)
    _printf_input_char                       0x08000951   Thumb Code    10  _printf_char_common.o(.text)
    .text                                    0x08000980   Section        0  _sputc.o(.text)
    .text                                    0x0800098a   Section        0  _printf_char.o(.text)
    .text                                    0x080009b8   Section        0  _printf_char_file.o(.text)
    .text                                    0x080009dc   Section        0  _chval.o(.text)
    .text                                    0x080009f8   Section        0  scanf_char.o(.text)
    _scanf_char_input                        0x080009f9   Thumb Code    12  scanf_char.o(.text)
    .text                                    0x08000a24   Section        0  _sgetc.o(.text)
    .text                                    0x08000a64   Section        0  isspace.o(.text)
    .text                                    0x08000a78   Section        0  _scanf.o(.text)
    .text                                    0x08000dec   Section        0  ferror.o(.text)
    .text                                    0x08000df4   Section       74  sys_stackheap_outer.o(.text)
    .text                                    0x08000e40   Section       16  rt_ctype_table.o(.text)
    .text                                    0x08000e50   Section        0  exit.o(.text)
    .text                                    0x08000e5c   Section        8  libspace.o(.text)
    .text                                    0x08000e64   Section        8  rt_locale_intlibspace.o(.text)
    .text                                    0x08000e6c   Section      128  strcmpv7m.o(.text)
    i.BusFault_Handler                       0x08000eec   Section        0  stm32f10x_it.o(i.BusFault_Handler)
    i.DebugMon_Handler                       0x08000ef0   Section        0  stm32f10x_it.o(i.DebugMon_Handler)
    i.EXTI15_10_IRQHandler                   0x08000ef4   Section        0  exit.o(i.EXTI15_10_IRQHandler)
    i.EXTI9_5_IRQHandler                     0x08000f48   Section        0  exit.o(i.EXTI9_5_IRQHandler)
    i.EXTIX_Init                             0x08000fa0   Section        0  exit.o(i.EXTIX_Init)
    i.EXTI_ClearITPendingBit                 0x08001034   Section        0  stm32f10x_exti.o(i.EXTI_ClearITPendingBit)
    i.EXTI_GetITStatus                       0x08001040   Section        0  stm32f10x_exti.o(i.EXTI_GetITStatus)
    i.EXTI_Init                              0x08001068   Section        0  stm32f10x_exti.o(i.EXTI_Init)
    i.GPIO_EXTILineConfig                    0x080010fc   Section        0  stm32f10x_gpio.o(i.GPIO_EXTILineConfig)
    i.GPIO_Init                              0x0800113c   Section        0  stm32f10x_gpio.o(i.GPIO_Init)
    i.GPIO_PinRemapConfig                    0x08001254   Section        0  stm32f10x_gpio.o(i.GPIO_PinRemapConfig)
    i.HardFault_Handler                      0x080012e4   Section        0  stm32f10x_it.o(i.HardFault_Handler)
    i.KEY_Init                               0x080012e8   Section        0  led.o(i.KEY_Init)
    i.Lcd_Clear                              0x08001310   Section        0  lcd_driver.o(i.Lcd_Clear)
    i.Lcd_Draw_Line                          0x08001348   Section        0  lcd_driver.o(i.Lcd_Draw_Line)
    i.Lcd_Draw_Point                         0x08001400   Section        0  lcd_driver.o(i.Lcd_Draw_Point)
    i.Lcd_Gpio_Init                          0x08001424   Section        0  lcd_driver.o(i.Lcd_Gpio_Init)
    i.Lcd_Init                               0x0800147c   Section        0  lcd_driver.o(i.Lcd_Init)
    i.Lcd_SetXY                              0x08001610   Section        0  lcd_driver.o(i.Lcd_SetXY)
    i.Lcd_Set_Region                         0x08001624   Section        0  lcd_driver.o(i.Lcd_Set_Region)
    i.Lcd_Show_Char                          0x08001670   Section        0  lcd_driver.o(i.Lcd_Show_Char)
    i.Lcd_Show_Image                         0x0800176c   Section        0  lcd_driver.o(i.Lcd_Show_Image)
    i.Lcd_Show_String                        0x080017e0   Section        0  lcd_driver.o(i.Lcd_Show_String)
    i.Lcd_WriteCommand                       0x08001848   Section        0  lcd_driver.o(i.Lcd_WriteCommand)
    i.Lcd_WriteData                          0x08001870   Section        0  lcd_driver.o(i.Lcd_WriteData)
    i.Lcd_WriteData16                        0x08001898   Section        0  lcd_driver.o(i.Lcd_WriteData16)
    i.MemManage_Handler                      0x080018aa   Section        0  stm32f10x_it.o(i.MemManage_Handler)
    i.NMI_Handler                            0x080018ae   Section        0  stm32f10x_it.o(i.NMI_Handler)
    i.NVIC_Init                              0x080018b0   Section        0  misc.o(i.NVIC_Init)
    i.NVIC_PriorityGroupConfig               0x08001920   Section        0  misc.o(i.NVIC_PriorityGroupConfig)
    i.PendSV_Handler                         0x08001934   Section        0  stm32f10x_it.o(i.PendSV_Handler)
    i.RCC_APB1PeriphClockCmd                 0x08001938   Section        0  stm32f10x_rcc.o(i.RCC_APB1PeriphClockCmd)
    i.RCC_APB2PeriphClockCmd                 0x08001958   Section        0  stm32f10x_rcc.o(i.RCC_APB2PeriphClockCmd)
    i.RCC_GetClocksFreq                      0x08001978   Section        0  stm32f10x_rcc.o(i.RCC_GetClocksFreq)
    i.SVC_Handler                            0x08001a4c   Section        0  stm32f10x_it.o(i.SVC_Handler)
    i.SetSysClock                            0x08001a4e   Section        0  system_stm32f10x.o(i.SetSysClock)
    SetSysClock                              0x08001a4f   Thumb Code     8  system_stm32f10x.o(i.SetSysClock)
    i.SetSysClockTo72                        0x08001a58   Section        0  system_stm32f10x.o(i.SetSysClockTo72)
    SetSysClockTo72                          0x08001a59   Thumb Code   214  system_stm32f10x.o(i.SetSysClockTo72)
    i.SysTick_CLKSourceConfig                0x08001b38   Section        0  misc.o(i.SysTick_CLKSourceConfig)
    i.SysTick_Handler                        0x08001b60   Section        0  stm32f10x_it.o(i.SysTick_Handler)
    i.SystemInit                             0x08001b64   Section        0  system_stm32f10x.o(i.SystemInit)
    i.TIM3_IRQHandler                        0x08001bc4   Section        0  timer.o(i.TIM3_IRQHandler)
    i.TIM3_Int_Init                          0x08001bf4   Section        0  timer.o(i.TIM3_Int_Init)
    i.TIM_ClearITPendingBit                  0x08001c48   Section        0  stm32f10x_tim.o(i.TIM_ClearITPendingBit)
    i.TIM_Cmd                                0x08001c4e   Section        0  stm32f10x_tim.o(i.TIM_Cmd)
    i.TIM_GetITStatus                        0x08001c66   Section        0  stm32f10x_tim.o(i.TIM_GetITStatus)
    i.TIM_ITConfig                           0x08001c88   Section        0  stm32f10x_tim.o(i.TIM_ITConfig)
    i.TIM_TimeBaseInit                       0x08001c9c   Section        0  stm32f10x_tim.o(i.TIM_TimeBaseInit)
    i.USART2_IRQHandler                      0x08001d40   Section        0  usart.o(i.USART2_IRQHandler)
    i.USART_Cmd                              0x08001dc8   Section        0  stm32f10x_usart.o(i.USART_Cmd)
    i.USART_GetITStatus                      0x08001de0   Section        0  stm32f10x_usart.o(i.USART_GetITStatus)
    i.USART_ITConfig                         0x08001e34   Section        0  stm32f10x_usart.o(i.USART_ITConfig)
    i.USART_Init                             0x08001e80   Section        0  stm32f10x_usart.o(i.USART_Init)
    i.USART_ReceiveData                      0x08001f58   Section        0  stm32f10x_usart.o(i.USART_ReceiveData)
    i.UsageFault_Handler                     0x08001f62   Section        0  stm32f10x_it.o(i.UsageFault_Handler)
    i._is_digit                              0x08001f66   Section        0  __printf_wp.o(i._is_digit)
    i._sys_exit                              0x08001f74   Section        0  usart.o(i._sys_exit)
    i.chinese_Char                           0x08001f7c   Section        0  lcd_driver.o(i.chinese_Char)
    i.chinese_Str                            0x08002090   Section        0  lcd_driver.o(i.chinese_Str)
    i.delay_init                             0x080020f0   Section        0  delay.o(i.delay_init)
    i.delay_ms                               0x08002134   Section        0  delay.o(i.delay_ms)
    i.fputc                                  0x08002180   Section        0  usart.o(i.fputc)
    i.main                                   0x0800219c   Section        0  main.o(i.main)
    i.showlogo                               0x080023e0   Section        0  lcd_driver.o(i.showlogo)
    i.uart_init                              0x08002420   Section        0  usart.o(i.uart_init)
    i.write_Dht11_Info                       0x080024c4   Section        0  clock.o(i.write_Dht11_Info)
    i.write_MQTT                             0x0800258c   Section        0  clock.o(i.write_MQTT)
    i.write_Time                             0x08002664   Section        0  clock.o(i.write_Time)
    i.write_Weather                          0x080026f0   Section        0  clock.o(i.write_Weather)
    locale$$code                             0x080029e8   Section       44  lc_ctype_c.o(locale$$code)
    .constdata                               0x08002a14   Section    20000  logo_1.o(.constdata)
    .constdata                               0x08007834   Section    12065  font.o(.constdata)
    .constdata                               0x0800a755   Section       17  __printf_flags_wp.o(.constdata)
    maptable                                 0x0800a755   Data          17  __printf_flags_wp.o(.constdata)
    locale$$data                             0x0800a788   Section      272  lc_ctype_c.o(locale$$data)
    __lcctype_c_name                         0x0800a78c   Data           2  lc_ctype_c.o(locale$$data)
    __lcctype_c_start                        0x0800a794   Data           0  lc_ctype_c.o(locale$$data)
    __lcctype_c_end                          0x0800a898   Data           0  lc_ctype_c.o(locale$$data)
    .data                                    0x20000000   Section       20  system_stm32f10x.o(.data)
    .data                                    0x20000014   Section      720  logo_1.o(.data)
    .data                                    0x200002e4   Section        1  exit.o(.data)
    .data                                    0x200002e6   Section        4  lcd_driver.o(.data)
    .data                                    0x200002ea   Section     2736  font.o(.data)
    .data                                    0x20000d9a   Section        4  delay.o(.data)
    fac_us                                   0x20000d9a   Data           1  delay.o(.data)
    fac_ms                                   0x20000d9c   Data           2  delay.o(.data)
    .data                                    0x20000da0   Section        6  usart.o(.data)
    .data                                    0x20000da6   Section       20  stm32f10x_rcc.o(.data)
    APBAHBPrescTable                         0x20000da6   Data          16  stm32f10x_rcc.o(.data)
    ADCPrescTable                            0x20000db6   Data           4  stm32f10x_rcc.o(.data)
    .bss                                     0x20000dbc   Section      300  main.o(.bss)
    .bss                                     0x20000ee8   Section      292  clock.o(.bss)
    .bss                                     0x2000100c   Section      500  usart.o(.bss)
    .bss                                     0x20001200   Section       96  libspace.o(.bss)
    HEAP                                     0x20001260   Section      512  startup_stm32f10x_md.o(HEAP)
    Heap_Mem                                 0x20001260   Data         512  startup_stm32f10x_md.o(HEAP)
    STACK                                    0x20001460   Section     1024  startup_stm32f10x_md.o(STACK)
    Stack_Mem                                0x20001460   Data        1024  startup_stm32f10x_md.o(STACK)
    __initial_sp                             0x20001860   Data           0  startup_stm32f10x_md.o(STACK)

    Global Symbols

    Symbol Name                              Value     Ov Type        Size  Object(Section)

    BuildAttributes$$THM_ISAv4$P$D$K$B$S$PE$A:L22UL41UL21$X:L11$S22US41US21$IEEE1$IW$USESV6$~STKCKD$USESV7$~SHL$OSPACE$ROPI$EBA8$UX$STANDARDLIB$REQ8$PRES8$EABIv2 0x00000000   Number         0  anon$$obj.o ABSOLUTE
    __ARM_use_no_argv                        0x00000000   Number         0  main.o ABSOLUTE
    _printf_flags                            0x00000000   Number         0  printf_stubs.o ABSOLUTE
    _printf_return_value                     0x00000000   Number         0  printf_stubs.o ABSOLUTE
    _printf_sizespec                         0x00000000   Number         0  printf_stubs.o ABSOLUTE
    _printf_widthprec                        0x00000000   Number         0  printf_stubs.o ABSOLUTE
    __ARM_exceptions_init                     - Undefined Weak Reference
    __alloca_initialize                       - Undefined Weak Reference
    __arm_preinit_                            - Undefined Weak Reference
    __cpp_initialize__aeabi_                  - Undefined Weak Reference
    __cxa_finalize                            - Undefined Weak Reference
    __sigvec_lookup                           - Undefined Weak Reference
    _atexit_init                              - Undefined Weak Reference
    _call_atexit_fns                          - Undefined Weak Reference
    _clock_init                               - Undefined Weak Reference
    _fp_trap_init                             - Undefined Weak Reference
    _fp_trap_shutdown                         - Undefined Weak Reference
    _get_lc_collate                           - Undefined Weak Reference
    _get_lc_monetary                          - Undefined Weak Reference
    _get_lc_numeric                           - Undefined Weak Reference
    _get_lc_time                              - Undefined Weak Reference
    _getenv_init                              - Undefined Weak Reference
    _handle_redirection                       - Undefined Weak Reference
    _init_alloc                               - Undefined Weak Reference
    _init_user_alloc                          - Undefined Weak Reference
    _initio                                   - Undefined Weak Reference
    _mutex_acquire                            - Undefined Weak Reference
    _mutex_release                            - Undefined Weak Reference
    _printf_mbtowc                            - Undefined Weak Reference
    _printf_truncate_signed                   - Undefined Weak Reference
    _printf_truncate_unsigned                 - Undefined Weak Reference
    _rand_init                                - Undefined Weak Reference
    _scanf_longlong                           - Undefined Weak Reference
    _scanf_mbtowc                             - Undefined Weak Reference
    _scanf_real                               - Undefined Weak Reference
    _scanf_wctomb                             - Undefined Weak Reference
    _scanf_wstring                            - Undefined Weak Reference
    _signal_finish                            - Undefined Weak Reference
    _signal_init                              - Undefined Weak Reference
    _terminate_alloc                          - Undefined Weak Reference
    _terminate_user_alloc                     - Undefined Weak Reference
    _terminateio                              - Undefined Weak Reference
    __Vectors_Size                           0x000000ec   Number         0  startup_stm32f10x_md.o ABSOLUTE
    __Vectors                                0x08000000   Data           4  startup_stm32f10x_md.o(RESET)
    __Vectors_End                            0x080000ec   Data           0  startup_stm32f10x_md.o(RESET)
    __main                                   0x080000ed   Thumb Code     8  __main.o(!!!main)
    __scatterload                            0x080000f5   Thumb Code     0  __scatter.o(!!!scatter)
    __scatterload_rt2                        0x080000f5   Thumb Code    44  __scatter.o(!!!scatter)
    __scatterload_rt2_thumb_only             0x080000f5   Thumb Code     0  __scatter.o(!!!scatter)
    __scatterload_null                       0x08000103   Thumb Code     0  __scatter.o(!!!scatter)
    __decompress                             0x08000129   Thumb Code    90  __dczerorl2.o(!!dczerorl2)
    __decompress1                            0x08000129   Thumb Code     0  __dczerorl2.o(!!dczerorl2)
    __scatterload_zeroinit                   0x08000185   Thumb Code    28  __scatter_zi.o(!!handler_zi)
    _printf_d                                0x080001a1   Thumb Code     0  _printf_d.o(.ARM.Collect$$_printf_percent$$00000009)
    _printf_percent                          0x080001a1   Thumb Code     0  _printf_percent.o(.ARM.Collect$$_printf_percent$$00000000)
    _printf_s                                0x080001a7   Thumb Code     0  _printf_s.o(.ARM.Collect$$_printf_percent$$00000014)
    _printf_percent_end                      0x080001ad   Thumb Code     0  _printf_percent_end.o(.ARM.Collect$$_printf_percent$$00000017)
    __rt_lib_init                            0x080001b1   Thumb Code     0  libinit.o(.ARM.Collect$$libinit$$00000000)
    __rt_lib_init_fp_1                       0x080001b3   Thumb Code     0  libinit2.o(.ARM.Collect$$libinit$$00000002)
    __rt_lib_init_heap_1                     0x080001b3   Thumb Code     0  libinit2.o(.ARM.Collect$$libinit$$0000000A)
    __rt_lib_init_lc_common                  0x080001b3   Thumb Code     0  libinit2.o(.ARM.Collect$$libinit$$0000000F)
    __rt_lib_init_preinit_1                  0x080001b3   Thumb Code     0  libinit2.o(.ARM.Collect$$libinit$$00000004)
    __rt_lib_init_rand_1                     0x080001b3   Thumb Code     0  libinit2.o(.ARM.Collect$$libinit$$0000000E)
    __rt_lib_init_user_alloc_1               0x080001b3   Thumb Code     0  libinit2.o(.ARM.Collect$$libinit$$0000000C)
    __rt_lib_init_lc_collate_1               0x080001b9   Thumb Code     0  libinit2.o(.ARM.Collect$$libinit$$00000011)
    __rt_lib_init_lc_ctype_2                 0x080001b9   Thumb Code     0  libinit2.o(.ARM.Collect$$libinit$$00000012)
    __rt_lib_init_alloca_1                   0x080001c5   Thumb Code     0  libinit2.o(.ARM.Collect$$libinit$$0000002E)
    __rt_lib_init_argv_1                     0x080001c5   Thumb Code     0  libinit2.o(.ARM.Collect$$libinit$$0000002C)
    __rt_lib_init_atexit_1                   0x080001c5   Thumb Code     0  libinit2.o(.ARM.Collect$$libinit$$0000001B)
    __rt_lib_init_clock_1                    0x080001c5   Thumb Code     0  libinit2.o(.ARM.Collect$$libinit$$00000021)
    __rt_lib_init_cpp_1                      0x080001c5   Thumb Code     0  libinit2.o(.ARM.Collect$$libinit$$00000032)
    __rt_lib_init_exceptions_1               0x080001c5   Thumb Code     0  libinit2.o(.ARM.Collect$$libinit$$00000030)
    __rt_lib_init_fp_trap_1                  0x080001c5   Thumb Code     0  libinit2.o(.ARM.Collect$$libinit$$0000001F)
    __rt_lib_init_getenv_1                   0x080001c5   Thumb Code     0  libinit2.o(.ARM.Collect$$libinit$$00000023)
    __rt_lib_init_lc_ctype_1                 0x080001c5   Thumb Code     0  libinit2.o(.ARM.Collect$$libinit$$00000013)
    __rt_lib_init_lc_monetary_1              0x080001c5   Thumb Code     0  libinit2.o(.ARM.Collect$$libinit$$00000015)
    __rt_lib_init_lc_numeric_1               0x080001c5   Thumb Code     0  libinit2.o(.ARM.Collect$$libinit$$00000017)
    __rt_lib_init_lc_time_1                  0x080001c5   Thumb Code     0  libinit2.o(.ARM.Collect$$libinit$$00000019)
    __rt_lib_init_return                     0x080001c5   Thumb Code     0  libinit2.o(.ARM.Collect$$libinit$$00000033)
    __rt_lib_init_signal_1                   0x080001c5   Thumb Code     0  libinit2.o(.ARM.Collect$$libinit$$0000001D)
    __rt_lib_init_stdio_1                    0x080001c5   Thumb Code     0  libinit2.o(.ARM.Collect$$libinit$$00000025)
    __rt_lib_shutdown                        0x080001c7   Thumb Code     0  libshutdown.o(.ARM.Collect$$libshutdown$$00000000)
    __rt_lib_shutdown_fp_trap_1              0x080001c9   Thumb Code     0  libshutdown2.o(.ARM.Collect$$libshutdown$$00000006)
    __rt_lib_shutdown_heap_1                 0x080001c9   Thumb Code     0  libshutdown2.o(.ARM.Collect$$libshutdown$$0000000E)
    __rt_lib_shutdown_return                 0x080001c9   Thumb Code     0  libshutdown2.o(.ARM.Collect$$libshutdown$$0000000F)
    __rt_lib_shutdown_signal_1               0x080001c9   Thumb Code     0  libshutdown2.o(.ARM.Collect$$libshutdown$$00000009)
    __rt_lib_shutdown_stdio_1                0x080001c9   Thumb Code     0  libshutdown2.o(.ARM.Collect$$libshutdown$$00000003)
    __rt_lib_shutdown_user_alloc_1           0x080001c9   Thumb Code     0  libshutdown2.o(.ARM.Collect$$libshutdown$$0000000B)
    __rt_entry                               0x080001cb   Thumb Code     0  __rtentry.o(.ARM.Collect$$rtentry$$00000000)
    __rt_entry_presh_1                       0x080001cb   Thumb Code     0  __rtentry2.o(.ARM.Collect$$rtentry$$00000002)
    __rt_entry_sh                            0x080001cb   Thumb Code     0  __rtentry4.o(.ARM.Collect$$rtentry$$00000004)
    __rt_entry_li                            0x080001d1   Thumb Code     0  __rtentry2.o(.ARM.Collect$$rtentry$$0000000A)
    __rt_entry_postsh_1                      0x080001d1   Thumb Code     0  __rtentry2.o(.ARM.Collect$$rtentry$$00000009)
    __rt_entry_main                          0x080001d5   Thumb Code     0  __rtentry2.o(.ARM.Collect$$rtentry$$0000000D)
    __rt_entry_postli_1                      0x080001d5   Thumb Code     0  __rtentry2.o(.ARM.Collect$$rtentry$$0000000C)
    __rt_exit                                0x080001dd   Thumb Code     0  rtexit.o(.ARM.Collect$$rtexit$$00000000)
    __rt_exit_ls                             0x080001df   Thumb Code     0  rtexit2.o(.ARM.Collect$$rtexit$$00000003)
    __rt_exit_prels_1                        0x080001df   Thumb Code     0  rtexit2.o(.ARM.Collect$$rtexit$$00000002)
    __rt_exit_exit                           0x080001e3   Thumb Code     0  rtexit2.o(.ARM.Collect$$rtexit$$00000004)
    Reset_Handler                            0x080001e9   Thumb Code     8  startup_stm32f10x_md.o(.text)
    ADC1_2_IRQHandler                        0x08000203   Thumb Code     0  startup_stm32f10x_md.o(.text)
    CAN1_RX1_IRQHandler                      0x08000203   Thumb Code     0  startup_stm32f10x_md.o(.text)
    CAN1_SCE_IRQHandler                      0x08000203   Thumb Code     0  startup_stm32f10x_md.o(.text)
    DMA1_Channel1_IRQHandler                 0x08000203   Thumb Code     0  startup_stm32f10x_md.o(.text)
    DMA1_Channel2_IRQHandler                 0x08000203   Thumb Code     0  startup_stm32f10x_md.o(.text)
    DMA1_Channel3_IRQHandler                 0x08000203   Thumb Code     0  startup_stm32f10x_md.o(.text)
    DMA1_Channel4_IRQHandler                 0x08000203   Thumb Code     0  startup_stm32f10x_md.o(.text)
    DMA1_Channel5_IRQHandler                 0x08000203   Thumb Code     0  startup_stm32f10x_md.o(.text)
    DMA1_Channel6_IRQHandler                 0x08000203   Thumb Code     0  startup_stm32f10x_md.o(.text)
    DMA1_Channel7_IRQHandler                 0x08000203   Thumb Code     0  startup_stm32f10x_md.o(.text)
    EXTI0_IRQHandler                         0x08000203   Thumb Code     0  startup_stm32f10x_md.o(.text)
    EXTI1_IRQHandler                         0x08000203   Thumb Code     0  startup_stm32f10x_md.o(.text)
    EXTI2_IRQHandler                         0x08000203   Thumb Code     0  startup_stm32f10x_md.o(.text)
    EXTI3_IRQHandler                         0x08000203   Thumb Code     0  startup_stm32f10x_md.o(.text)
    EXTI4_IRQHandler                         0x08000203   Thumb Code     0  startup_stm32f10x_md.o(.text)
    FLASH_IRQHandler                         0x08000203   Thumb Code     0  startup_stm32f10x_md.o(.text)
    I2C1_ER_IRQHandler                       0x08000203   Thumb Code     0  startup_stm32f10x_md.o(.text)
    I2C1_EV_IRQHandler                       0x08000203   Thumb Code     0  startup_stm32f10x_md.o(.text)
    I2C2_ER_IRQHandler                       0x08000203   Thumb Code     0  startup_stm32f10x_md.o(.text)
    I2C2_EV_IRQHandler                       0x08000203   Thumb Code     0  startup_stm32f10x_md.o(.text)
    PVD_IRQHandler                           0x08000203   Thumb Code     0  startup_stm32f10x_md.o(.text)
    RCC_IRQHandler                           0x08000203   Thumb Code     0  startup_stm32f10x_md.o(.text)
    RTCAlarm_IRQHandler                      0x08000203   Thumb Code     0  startup_stm32f10x_md.o(.text)
    RTC_IRQHandler                           0x08000203   Thumb Code     0  startup_stm32f10x_md.o(.text)
    SPI1_IRQHandler                          0x08000203   Thumb Code     0  startup_stm32f10x_md.o(.text)
    SPI2_IRQHandler                          0x08000203   Thumb Code     0  startup_stm32f10x_md.o(.text)
    TAMPER_IRQHandler                        0x08000203   Thumb Code     0  startup_stm32f10x_md.o(.text)
    TIM1_BRK_IRQHandler                      0x08000203   Thumb Code     0  startup_stm32f10x_md.o(.text)
    TIM1_CC_IRQHandler                       0x08000203   Thumb Code     0  startup_stm32f10x_md.o(.text)
    TIM1_TRG_COM_IRQHandler                  0x08000203   Thumb Code     0  startup_stm32f10x_md.o(.text)
    TIM1_UP_IRQHandler                       0x08000203   Thumb Code     0  startup_stm32f10x_md.o(.text)
    TIM2_IRQHandler                          0x08000203   Thumb Code     0  startup_stm32f10x_md.o(.text)
    TIM4_IRQHandler                          0x08000203   Thumb Code     0  startup_stm32f10x_md.o(.text)
    USART1_IRQHandler                        0x08000203   Thumb Code     0  startup_stm32f10x_md.o(.text)
    USART3_IRQHandler                        0x08000203   Thumb Code     0  startup_stm32f10x_md.o(.text)
    USBWakeUp_IRQHandler                     0x08000203   Thumb Code     0  startup_stm32f10x_md.o(.text)
    USB_HP_CAN1_TX_IRQHandler                0x08000203   Thumb Code     0  startup_stm32f10x_md.o(.text)
    USB_LP_CAN1_RX0_IRQHandler               0x08000203   Thumb Code     0  startup_stm32f10x_md.o(.text)
    WWDG_IRQHandler                          0x08000203   Thumb Code     0  startup_stm32f10x_md.o(.text)
    __user_initial_stackheap                 0x08000205   Thumb Code     0  startup_stm32f10x_md.o(.text)
    __use_no_semihosting                     0x08000229   Thumb Code     2  use_no_semi_2.o(.text)
    __2printf                                0x0800022d   Thumb Code    20  noretval__2printf.o(.text)
    __2sprintf                               0x08000245   Thumb Code    34  noretval__2sprintf.o(.text)
    _printf_pre_padding                      0x0800026d   Thumb Code    44  _printf_pad.o(.text)
    _printf_post_padding                     0x08000299   Thumb Code    34  _printf_pad.o(.text)
    _printf_str                              0x080002bb   Thumb Code    82  _printf_str.o(.text)
    _printf_int_dec                          0x0800030d   Thumb Code   104  _printf_dec.o(.text)
    __printf                                 0x08000385   Thumb Code   308  __printf_flags_wp.o(.text)
    __0sscanf                                0x080004bd   Thumb Code    52  __0sscanf.o(.text)
    _scanf_int                               0x080004f9   Thumb Code   332  _scanf_int.o(.text)
    _scanf_string                            0x08000645   Thumb Code   224  _scanf_str.o(.text)
    strcpy                                   0x08000725   Thumb Code    72  strcpy.o(.text)
    strncmp                                  0x0800076d   Thumb Code   150  strncmp.o(.text)
    __aeabi_memclr                           0x08000803   Thumb Code     0  rt_memclr.o(.text)
    __rt_memclr                              0x08000803   Thumb Code    68  rt_memclr.o(.text)
    _memset                                  0x08000807   Thumb Code     0  rt_memclr.o(.text)
    __aeabi_memclr4                          0x08000847   Thumb Code     0  rt_memclr_w.o(.text)
    __aeabi_memclr8                          0x08000847   Thumb Code     0  rt_memclr_w.o(.text)
    __rt_memclr_w                            0x08000847   Thumb Code    78  rt_memclr_w.o(.text)
    _memset_w                                0x0800084b   Thumb Code     0  rt_memclr_w.o(.text)
    __use_two_region_memory                  0x08000895   Thumb Code     2  heapauxi.o(.text)
    __rt_heap_escrow$2region                 0x08000897   Thumb Code     2  heapauxi.o(.text)
    __rt_heap_expand$2region                 0x08000899   Thumb Code     2  heapauxi.o(.text)
    __I$use$semihosting                      0x0800089b   Thumb Code     0  use_no_semi.o(.text)
    __use_no_semihosting_swi                 0x0800089b   Thumb Code     2  use_no_semi.o(.text)
    _printf_int_common                       0x0800089d   Thumb Code   178  _printf_intcommon.o(.text)
    _printf_char_common                      0x0800095b   Thumb Code    32  _printf_char_common.o(.text)
    _sputc                                   0x08000981   Thumb Code    10  _sputc.o(.text)
    _printf_cs_common                        0x0800098b   Thumb Code    20  _printf_char.o(.text)
    _printf_char                             0x0800099f   Thumb Code    16  _printf_char.o(.text)
    _printf_string                           0x080009af   Thumb Code     8  _printf_char.o(.text)
    _printf_char_file                        0x080009b9   Thumb Code    32  _printf_char_file.o(.text)
    _chval                                   0x080009dd   Thumb Code    28  _chval.o(.text)
    __vfscanf_char                           0x08000a05   Thumb Code    24  scanf_char.o(.text)
    _sgetc                                   0x08000a25   Thumb Code    30  _sgetc.o(.text)
    _sbackspace                              0x08000a43   Thumb Code    34  _sgetc.o(.text)
    isspace                                  0x08000a65   Thumb Code    18  isspace.o(.text)
    __vfscanf                                0x08000a79   Thumb Code   878  _scanf.o(.text)
    ferror                                   0x08000ded   Thumb Code     8  ferror.o(.text)
    __user_setup_stackheap                   0x08000df5   Thumb Code    74  sys_stackheap_outer.o(.text)
    __rt_ctype_table                         0x08000e41   Thumb Code    16  rt_ctype_table.o(.text)
    exit                                     0x08000e51   Thumb Code    12  exit.o(.text)
    __user_libspace                          0x08000e5d   Thumb Code     8  libspace.o(.text)
    __user_perproc_libspace                  0x08000e5d   Thumb Code     0  libspace.o(.text)
    __user_perthread_libspace                0x08000e5d   Thumb Code     0  libspace.o(.text)
    __rt_locale                              0x08000e65   Thumb Code     8  rt_locale_intlibspace.o(.text)
    strcmp                                   0x08000e6d   Thumb Code   128  strcmpv7m.o(.text)
    BusFault_Handler                         0x08000eed   Thumb Code     4  stm32f10x_it.o(i.BusFault_Handler)
    DebugMon_Handler                         0x08000ef1   Thumb Code     2  stm32f10x_it.o(i.DebugMon_Handler)
    EXTI15_10_IRQHandler                     0x08000ef5   Thumb Code    64  exit.o(i.EXTI15_10_IRQHandler)
    EXTI9_5_IRQHandler                       0x08000f49   Thumb Code    68  exit.o(i.EXTI9_5_IRQHandler)
    EXTIX_Init                               0x08000fa1   Thumb Code   148  exit.o(i.EXTIX_Init)
    EXTI_ClearITPendingBit                   0x08001035   Thumb Code     6  stm32f10x_exti.o(i.EXTI_ClearITPendingBit)
    EXTI_GetITStatus                         0x08001041   Thumb Code    34  stm32f10x_exti.o(i.EXTI_GetITStatus)
    EXTI_Init                                0x08001069   Thumb Code   142  stm32f10x_exti.o(i.EXTI_Init)
    GPIO_EXTILineConfig                      0x080010fd   Thumb Code    60  stm32f10x_gpio.o(i.GPIO_EXTILineConfig)
    GPIO_Init                                0x0800113d   Thumb Code   278  stm32f10x_gpio.o(i.GPIO_Init)
    GPIO_PinRemapConfig                      0x08001255   Thumb Code   138  stm32f10x_gpio.o(i.GPIO_PinRemapConfig)
    HardFault_Handler                        0x080012e5   Thumb Code     4  stm32f10x_it.o(i.HardFault_Handler)
    KEY_Init                                 0x080012e9   Thumb Code    34  led.o(i.KEY_Init)
    Lcd_Clear                                0x08001311   Thumb Code    54  lcd_driver.o(i.Lcd_Clear)
    Lcd_Draw_Line                            0x08001349   Thumb Code   178  lcd_driver.o(i.Lcd_Draw_Line)
    Lcd_Draw_Point                           0x08001401   Thumb Code    34  lcd_driver.o(i.Lcd_Draw_Point)
    Lcd_Gpio_Init                            0x08001425   Thumb Code    74  lcd_driver.o(i.Lcd_Gpio_Init)
    Lcd_Init                                 0x0800147d   Thumb Code   404  lcd_driver.o(i.Lcd_Init)
    Lcd_SetXY                                0x08001611   Thumb Code    20  lcd_driver.o(i.Lcd_SetXY)
    Lcd_Set_Region                           0x08001625   Thumb Code    76  lcd_driver.o(i.Lcd_Set_Region)
    Lcd_Show_Char                            0x08001671   Thumb Code   230  lcd_driver.o(i.Lcd_Show_Char)
    Lcd_Show_Image                           0x0800176d   Thumb Code   108  lcd_driver.o(i.Lcd_Show_Image)
    Lcd_Show_String                          0x080017e1   Thumb Code   102  lcd_driver.o(i.Lcd_Show_String)
    Lcd_WriteCommand                         0x08001849   Thumb Code    32  lcd_driver.o(i.Lcd_WriteCommand)
    Lcd_WriteData                            0x08001871   Thumb Code    32  lcd_driver.o(i.Lcd_WriteData)
    Lcd_WriteData16                          0x08001899   Thumb Code    18  lcd_driver.o(i.Lcd_WriteData16)
    MemManage_Handler                        0x080018ab   Thumb Code     4  stm32f10x_it.o(i.MemManage_Handler)
    NMI_Handler                              0x080018af   Thumb Code     2  stm32f10x_it.o(i.NMI_Handler)
    NVIC_Init                                0x080018b1   Thumb Code   100  misc.o(i.NVIC_Init)
    NVIC_PriorityGroupConfig                 0x08001921   Thumb Code    10  misc.o(i.NVIC_PriorityGroupConfig)
    PendSV_Handler                           0x08001935   Thumb Code     2  stm32f10x_it.o(i.PendSV_Handler)
    RCC_APB1PeriphClockCmd                   0x08001939   Thumb Code    26  stm32f10x_rcc.o(i.RCC_APB1PeriphClockCmd)
    RCC_APB2PeriphClockCmd                   0x08001959   Thumb Code    26  stm32f10x_rcc.o(i.RCC_APB2PeriphClockCmd)
    RCC_GetClocksFreq                        0x08001979   Thumb Code   192  stm32f10x_rcc.o(i.RCC_GetClocksFreq)
    SVC_Handler                              0x08001a4d   Thumb Code     2  stm32f10x_it.o(i.SVC_Handler)
    SysTick_CLKSourceConfig                  0x08001b39   Thumb Code    40  misc.o(i.SysTick_CLKSourceConfig)
    SysTick_Handler                          0x08001b61   Thumb Code     2  stm32f10x_it.o(i.SysTick_Handler)
    SystemInit                               0x08001b65   Thumb Code    78  system_stm32f10x.o(i.SystemInit)
    TIM3_IRQHandler                          0x08001bc5   Thumb Code    38  timer.o(i.TIM3_IRQHandler)
    TIM3_Int_Init                            0x08001bf5   Thumb Code    80  timer.o(i.TIM3_Int_Init)
    TIM_ClearITPendingBit                    0x08001c49   Thumb Code     6  stm32f10x_tim.o(i.TIM_ClearITPendingBit)
    TIM_Cmd                                  0x08001c4f   Thumb Code    24  stm32f10x_tim.o(i.TIM_Cmd)
    TIM_GetITStatus                          0x08001c67   Thumb Code    34  stm32f10x_tim.o(i.TIM_GetITStatus)
    TIM_ITConfig                             0x08001c89   Thumb Code    18  stm32f10x_tim.o(i.TIM_ITConfig)
    TIM_TimeBaseInit                         0x08001c9d   Thumb Code   122  stm32f10x_tim.o(i.TIM_TimeBaseInit)
    USART2_IRQHandler                        0x08001d41   Thumb Code   124  usart.o(i.USART2_IRQHandler)
    USART_Cmd                                0x08001dc9   Thumb Code    24  stm32f10x_usart.o(i.USART_Cmd)
    USART_GetITStatus                        0x08001de1   Thumb Code    84  stm32f10x_usart.o(i.USART_GetITStatus)
    USART_ITConfig                           0x08001e35   Thumb Code    74  stm32f10x_usart.o(i.USART_ITConfig)
    USART_Init                               0x08001e81   Thumb Code   210  stm32f10x_usart.o(i.USART_Init)
    USART_ReceiveData                        0x08001f59   Thumb Code    10  stm32f10x_usart.o(i.USART_ReceiveData)
    UsageFault_Handler                       0x08001f63   Thumb Code     4  stm32f10x_it.o(i.UsageFault_Handler)
    _is_digit                                0x08001f67   Thumb Code    14  __printf_wp.o(i._is_digit)
    _sys_exit                                0x08001f75   Thumb Code     6  usart.o(i._sys_exit)
    chinese_Char                             0x08001f7d   Thumb Code   262  lcd_driver.o(i.chinese_Char)
    chinese_Str                              0x08002091   Thumb Code    94  lcd_driver.o(i.chinese_Str)
    delay_init                               0x080020f1   Thumb Code    50  delay.o(i.delay_init)
    delay_ms                                 0x08002135   Thumb Code    72  delay.o(i.delay_ms)
    fputc                                    0x08002181   Thumb Code    24  usart.o(i.fputc)
    main                                     0x0800219d   Thumb Code   434  main.o(i.main)
    showlogo                                 0x080023e1   Thumb Code    62  lcd_driver.o(i.showlogo)
    uart_init                                0x08002421   Thumb Code   154  usart.o(i.uart_init)
    write_Dht11_Info                         0x080024c5   Thumb Code   142  clock.o(i.write_Dht11_Info)
    write_MQTT                               0x0800258d   Thumb Code   128  clock.o(i.write_MQTT)
    write_Time                               0x08002665   Thumb Code    92  clock.o(i.write_Time)
    write_Weather                            0x080026f1   Thumb Code   510  clock.o(i.write_Weather)
    _get_lc_ctype                            0x080029e9   Thumb Code    44  lc_ctype_c.o(locale$$code)
    gImage_112                               0x08002a14   Data       20000  logo_1.o(.constdata)
    asc2_1809                                0x08007834   Data        2565  font.o(.constdata)
    asc2_2412                                0x08008239   Data        3420  font.o(.constdata)
    asc2_3321                                0x08008f95   Data        6080  font.o(.constdata)
    Region$$Table$$Base                      0x0800a768   Number         0  anon$$obj.o(Region$$Table)
    Region$$Table$$Limit                     0x0800a788   Number         0  anon$$obj.o(Region$$Table)
    __ctype                                  0x0800a795   Data           0  lc_ctype_c.o(locale$$data)
    SystemCoreClock                          0x20000000   Data           4  system_stm32f10x.o(.data)
    AHBPrescTable                            0x20000004   Data          16  system_stm32f10x.o(.data)
    clock_bmp                                0x20000014   Data         120  logo_1.o(.data)
    cloud_bmp                                0x2000008c   Data         120  logo_1.o(.data)
    moon_bmp                                 0x20000104   Data         120  logo_1.o(.data)
    sun_bmp                                  0x2000017c   Data         120  logo_1.o(.data)
    light_bmp                                0x200001f4   Data         120  logo_1.o(.data)
    home_bmp                                 0x2000026c   Data         120  logo_1.o(.data)
    state_Clock                              0x200002e4   Data           1  exit.o(.data)
    POINT_COLOR                              0x200002e6   Data           2  lcd_driver.o(.data)
    BACK_COLOR                               0x200002e8   Data           2  lcd_driver.o(.data)
    weather_Char                             0x200002ea   Data        2736  font.o(.data)
    __stdout                                 0x20000da0   Data           4  usart.o(.data)
    USART_RX_STA                             0x20000da4   Data           2  usart.o(.data)
    buf                                      0x20000dbc   Data         300  main.o(.bss)
    weather_Clock                            0x20000ee8   Data         292  clock.o(.bss)
    USART_RX_BUF                             0x2000100c   Data         500  usart.o(.bss)
    __libspace_start                         0x20001200   Data          96  libspace.o(.bss)
    __temporary_stack_top$libspace           0x20001260   Data           0  libspace.o(.bss)



==============================================================================

Memory Map of the image

  Image Entry point : 0x080001e9

  Load Region LR_1 (Base: 0x08000000, Size: 0x0000b654, Max: 0xffffffff, ABSOLUTE, COMPRESSED[0x0000b054])

    Execution Region ER_RO (Base: 0x08000000, Size: 0x0000a898, Max: 0xffffffff, ABSOLUTE)

    Base Addr    Size         Type   Attr      Idx    E Section Name        Object

    0x08000000   0x000000ec   Data   RO          662    RESET               startup_stm32f10x_md.o
    0x080000ec   0x00000008   Code   RO         3693  * !!!main             c_w.l(__main.o)
    0x080000f4   0x00000034   Code   RO         3888    !!!scatter          c_w.l(__scatter.o)
    0x08000128   0x0000005a   Code   RO         3886    !!dczerorl2         c_w.l(__dczerorl2.o)
    0x08000182   0x00000002   PAD
    0x08000184   0x0000001c   Code   RO         3890    !!handler_zi        c_w.l(__scatter_zi.o)
    0x080001a0   0x00000000   Code   RO         3676    .ARM.Collect$$_printf_percent$$00000000  c_w.l(_printf_percent.o)
    0x080001a0   0x00000006   Code   RO         3675    .ARM.Collect$$_printf_percent$$00000009  c_w.l(_printf_d.o)
    0x080001a6   0x00000006   Code   RO         3674    .ARM.Collect$$_printf_percent$$00000014  c_w.l(_printf_s.o)
    0x080001ac   0x00000004   Code   RO         3708    .ARM.Collect$$_printf_percent$$00000017  c_w.l(_printf_percent_end.o)
    0x080001b0   0x00000002   Code   RO         3751    .ARM.Collect$$libinit$$00000000  c_w.l(libinit.o)
    0x080001b2   0x00000000   Code   RO         3766    .ARM.Collect$$libinit$$00000002  c_w.l(libinit2.o)
    0x080001b2   0x00000000   Code   RO         3768    .ARM.Collect$$libinit$$00000004  c_w.l(libinit2.o)
    0x080001b2   0x00000000   Code   RO         3771    .ARM.Collect$$libinit$$0000000A  c_w.l(libinit2.o)
    0x080001b2   0x00000000   Code   RO         3773    .ARM.Collect$$libinit$$0000000C  c_w.l(libinit2.o)
    0x080001b2   0x00000000   Code   RO         3775    .ARM.Collect$$libinit$$0000000E  c_w.l(libinit2.o)
    0x080001b2   0x00000006   Code   RO         3776    .ARM.Collect$$libinit$$0000000F  c_w.l(libinit2.o)
    0x080001b8   0x00000000   Code   RO         3778    .ARM.Collect$$libinit$$00000011  c_w.l(libinit2.o)
    0x080001b8   0x0000000c   Code   RO         3779    .ARM.Collect$$libinit$$00000012  c_w.l(libinit2.o)
    0x080001c4   0x00000000   Code   RO         3780    .ARM.Collect$$libinit$$00000013  c_w.l(libinit2.o)
    0x080001c4   0x00000000   Code   RO         3782    .ARM.Collect$$libinit$$00000015  c_w.l(libinit2.o)
    0x080001c4   0x00000000   Code   RO         3784    .ARM.Collect$$libinit$$00000017  c_w.l(libinit2.o)
    0x080001c4   0x00000000   Code   RO         3786    .ARM.Collect$$libinit$$00000019  c_w.l(libinit2.o)
    0x080001c4   0x00000000   Code   RO         3788    .ARM.Collect$$libinit$$0000001B  c_w.l(libinit2.o)
    0x080001c4   0x00000000   Code   RO         3790    .ARM.Collect$$libinit$$0000001D  c_w.l(libinit2.o)
    0x080001c4   0x00000000   Code   RO         3792    .ARM.Collect$$libinit$$0000001F  c_w.l(libinit2.o)
    0x080001c4   0x00000000   Code   RO         3794    .ARM.Collect$$libinit$$00000021  c_w.l(libinit2.o)
    0x080001c4   0x00000000   Code   RO         3796    .ARM.Collect$$libinit$$00000023  c_w.l(libinit2.o)
    0x080001c4   0x00000000   Code   RO         3798    .ARM.Collect$$libinit$$00000025  c_w.l(libinit2.o)
    0x080001c4   0x00000000   Code   RO         3802    .ARM.Collect$$libinit$$0000002C  c_w.l(libinit2.o)
    0x080001c4   0x00000000   Code   RO         3804    .ARM.Collect$$libinit$$0000002E  c_w.l(libinit2.o)
    0x080001c4   0x00000000   Code   RO         3806    .ARM.Collect$$libinit$$00000030  c_w.l(libinit2.o)
    0x080001c4   0x00000000   Code   RO         3808    .ARM.Collect$$libinit$$00000032  c_w.l(libinit2.o)
    0x080001c4   0x00000002   Code   RO         3809    .ARM.Collect$$libinit$$00000033  c_w.l(libinit2.o)
    0x080001c6   0x00000002   Code   RO         3829    .ARM.Collect$$libshutdown$$00000000  c_w.l(libshutdown.o)
    0x080001c8   0x00000000   Code   RO         3840    .ARM.Collect$$libshutdown$$00000003  c_w.l(libshutdown2.o)
    0x080001c8   0x00000000   Code   RO         3843    .ARM.Collect$$libshutdown$$00000006  c_w.l(libshutdown2.o)
    0x080001c8   0x00000000   Code   RO         3846    .ARM.Collect$$libshutdown$$00000009  c_w.l(libshutdown2.o)
    0x080001c8   0x00000000   Code   RO         3848    .ARM.Collect$$libshutdown$$0000000B  c_w.l(libshutdown2.o)
    0x080001c8   0x00000000   Code   RO         3851    .ARM.Collect$$libshutdown$$0000000E  c_w.l(libshutdown2.o)
    0x080001c8   0x00000002   Code   RO         3852    .ARM.Collect$$libshutdown$$0000000F  c_w.l(libshutdown2.o)
    0x080001ca   0x00000000   Code   RO         3697    .ARM.Collect$$rtentry$$00000000  c_w.l(__rtentry.o)
    0x080001ca   0x00000000   Code   RO         3716    .ARM.Collect$$rtentry$$00000002  c_w.l(__rtentry2.o)
    0x080001ca   0x00000006   Code   RO         3728    .ARM.Collect$$rtentry$$00000004  c_w.l(__rtentry4.o)
    0x080001d0   0x00000000   Code   RO         3718    .ARM.Collect$$rtentry$$00000009  c_w.l(__rtentry2.o)
    0x080001d0   0x00000004   Code   RO         3719    .ARM.Collect$$rtentry$$0000000A  c_w.l(__rtentry2.o)
    0x080001d4   0x00000000   Code   RO         3721    .ARM.Collect$$rtentry$$0000000C  c_w.l(__rtentry2.o)
    0x080001d4   0x00000008   Code   RO         3722    .ARM.Collect$$rtentry$$0000000D  c_w.l(__rtentry2.o)
    0x080001dc   0x00000002   Code   RO         3755    .ARM.Collect$$rtexit$$00000000  c_w.l(rtexit.o)
    0x080001de   0x00000000   Code   RO         3811    .ARM.Collect$$rtexit$$00000002  c_w.l(rtexit2.o)
    0x080001de   0x00000004   Code   RO         3812    .ARM.Collect$$rtexit$$00000003  c_w.l(rtexit2.o)
    0x080001e2   0x00000006   Code   RO         3813    .ARM.Collect$$rtexit$$00000004  c_w.l(rtexit2.o)
    0x080001e8   0x00000040   Code   RO          663  * .text               startup_stm32f10x_md.o
    0x08000228   0x00000002   Code   RO         3636    .text               c_w.l(use_no_semi_2.o)
    0x0800022a   0x00000002   PAD
    0x0800022c   0x00000018   Code   RO         3642    .text               c_w.l(noretval__2printf.o)
    0x08000244   0x00000028   Code   RO         3644    .text               c_w.l(noretval__2sprintf.o)
    0x0800026c   0x0000004e   Code   RO         3648    .text               c_w.l(_printf_pad.o)
    0x080002ba   0x00000052   Code   RO         3650    .text               c_w.l(_printf_str.o)
    0x0800030c   0x00000078   Code   RO         3652    .text               c_w.l(_printf_dec.o)
    0x08000384   0x00000138   Code   RO         3666    .text               c_w.l(__printf_flags_wp.o)
    0x080004bc   0x0000003c   Code   RO         3677    .text               c_w.l(__0sscanf.o)
    0x080004f8   0x0000014c   Code   RO         3679    .text               c_w.l(_scanf_int.o)
    0x08000644   0x000000e0   Code   RO         3681    .text               c_w.l(_scanf_str.o)
    0x08000724   0x00000048   Code   RO         3683    .text               c_w.l(strcpy.o)
    0x0800076c   0x00000096   Code   RO         3685    .text               c_w.l(strncmp.o)
    0x08000802   0x00000044   Code   RO         3687    .text               c_w.l(rt_memclr.o)
    0x08000846   0x0000004e   Code   RO         3689    .text               c_w.l(rt_memclr_w.o)
    0x08000894   0x00000006   Code   RO         3691    .text               c_w.l(heapauxi.o)
    0x0800089a   0x00000002   Code   RO         3695    .text               c_w.l(use_no_semi.o)
    0x0800089c   0x000000b2   Code   RO         3698    .text               c_w.l(_printf_intcommon.o)
    0x0800094e   0x00000002   PAD
    0x08000950   0x00000030   Code   RO         3700    .text               c_w.l(_printf_char_common.o)
    0x08000980   0x0000000a   Code   RO         3702    .text               c_w.l(_sputc.o)
    0x0800098a   0x0000002c   Code   RO         3704    .text               c_w.l(_printf_char.o)
    0x080009b6   0x00000002   PAD
    0x080009b8   0x00000024   Code   RO         3706    .text               c_w.l(_printf_char_file.o)
    0x080009dc   0x0000001c   Code   RO         3709    .text               c_w.l(_chval.o)
    0x080009f8   0x0000002c   Code   RO         3711    .text               c_w.l(scanf_char.o)
    0x08000a24   0x00000040   Code   RO         3713    .text               c_w.l(_sgetc.o)
    0x08000a64   0x00000012   Code   RO         3730    .text               c_w.l(isspace.o)
    0x08000a76   0x00000002   PAD
    0x08000a78   0x00000374   Code   RO         3734    .text               c_w.l(_scanf.o)
    0x08000dec   0x00000008   Code   RO         3736    .text               c_w.l(ferror.o)
    0x08000df4   0x0000004a   Code   RO         3740    .text               c_w.l(sys_stackheap_outer.o)
    0x08000e3e   0x00000002   PAD
    0x08000e40   0x00000010   Code   RO         3742    .text               c_w.l(rt_ctype_table.o)
    0x08000e50   0x0000000c   Code   RO         3744    .text               c_w.l(exit.o)
    0x08000e5c   0x00000008   Code   RO         3752    .text               c_w.l(libspace.o)
    0x08000e64   0x00000008   Code   RO         3760    .text               c_w.l(rt_locale_intlibspace.o)
    0x08000e6c   0x00000080   Code   RO         3817    .text               c_w.l(strcmpv7m.o)
    0x08000eec   0x00000004   Code   RO          143    i.BusFault_Handler  stm32f10x_it.o
    0x08000ef0   0x00000002   Code   RO          144    i.DebugMon_Handler  stm32f10x_it.o
    0x08000ef2   0x00000002   PAD
    0x08000ef4   0x00000054   Code   RO          279    i.EXTI15_10_IRQHandler  exit.o
    0x08000f48   0x00000058   Code   RO          280    i.EXTI9_5_IRQHandler  exit.o
    0x08000fa0   0x00000094   Code   RO          281    i.EXTIX_Init        exit.o
    0x08001034   0x0000000c   Code   RO         1959    i.EXTI_ClearITPendingBit  stm32f10x_exti.o
    0x08001040   0x00000028   Code   RO         1963    i.EXTI_GetITStatus  stm32f10x_exti.o
    0x08001068   0x00000094   Code   RO         1964    i.EXTI_Init         stm32f10x_exti.o
    0x080010fc   0x00000040   Code   RO          706    i.GPIO_EXTILineConfig  stm32f10x_gpio.o
    0x0800113c   0x00000116   Code   RO          709    i.GPIO_Init         stm32f10x_gpio.o
    0x08001252   0x00000002   PAD
    0x08001254   0x00000090   Code   RO          711    i.GPIO_PinRemapConfig  stm32f10x_gpio.o
    0x080012e4   0x00000004   Code   RO          145    i.HardFault_Handler  stm32f10x_it.o
    0x080012e8   0x00000028   Code   RO          312    i.KEY_Init          led.o
    0x08001310   0x00000036   Code   RO          331    i.Lcd_Clear         lcd_driver.o
    0x08001346   0x00000002   PAD
    0x08001348   0x000000b8   Code   RO          332    i.Lcd_Draw_Line     lcd_driver.o
    0x08001400   0x00000022   Code   RO          333    i.Lcd_Draw_Point    lcd_driver.o
    0x08001422   0x00000002   PAD
    0x08001424   0x00000058   Code   RO          335    i.Lcd_Gpio_Init     lcd_driver.o
    0x0800147c   0x00000194   Code   RO          336    i.Lcd_Init          lcd_driver.o
    0x08001610   0x00000014   Code   RO          338    i.Lcd_SetXY         lcd_driver.o
    0x08001624   0x0000004c   Code   RO          339    i.Lcd_Set_Region    lcd_driver.o
    0x08001670   0x000000fc   Code   RO          340    i.Lcd_Show_Char     lcd_driver.o
    0x0800176c   0x00000074   Code   RO          341    i.Lcd_Show_Image    lcd_driver.o
    0x080017e0   0x00000066   Code   RO          343    i.Lcd_Show_String   lcd_driver.o
    0x08001846   0x00000002   PAD
    0x08001848   0x00000028   Code   RO          344    i.Lcd_WriteCommand  lcd_driver.o
    0x08001870   0x00000028   Code   RO          345    i.Lcd_WriteData     lcd_driver.o
    0x08001898   0x00000012   Code   RO          346    i.Lcd_WriteData16   lcd_driver.o
    0x080018aa   0x00000004   Code   RO          146    i.MemManage_Handler  stm32f10x_it.o
    0x080018ae   0x00000002   Code   RO          147    i.NMI_Handler       stm32f10x_it.o
    0x080018b0   0x00000070   Code   RO          667    i.NVIC_Init         misc.o
    0x08001920   0x00000014   Code   RO          668    i.NVIC_PriorityGroupConfig  misc.o
    0x08001934   0x00000002   Code   RO          148    i.PendSV_Handler    stm32f10x_it.o
    0x08001936   0x00000002   PAD
    0x08001938   0x00000020   Code   RO          843    i.RCC_APB1PeriphClockCmd  stm32f10x_rcc.o
    0x08001958   0x00000020   Code   RO          845    i.RCC_APB2PeriphClockCmd  stm32f10x_rcc.o
    0x08001978   0x000000d4   Code   RO          853    i.RCC_GetClocksFreq  stm32f10x_rcc.o
    0x08001a4c   0x00000002   Code   RO          149    i.SVC_Handler       stm32f10x_it.o
    0x08001a4e   0x00000008   Code   RO          232    i.SetSysClock       system_stm32f10x.o
    0x08001a56   0x00000002   PAD
    0x08001a58   0x000000e0   Code   RO          233    i.SetSysClockTo72   system_stm32f10x.o
    0x08001b38   0x00000028   Code   RO          671    i.SysTick_CLKSourceConfig  misc.o
    0x08001b60   0x00000002   Code   RO          150    i.SysTick_Handler   stm32f10x_it.o
    0x08001b62   0x00000002   PAD
    0x08001b64   0x00000060   Code   RO          235    i.SystemInit        system_stm32f10x.o
    0x08001bc4   0x00000030   Code   RO          523    i.TIM3_IRQHandler   timer.o
    0x08001bf4   0x00000054   Code   RO          524    i.TIM3_Int_Init     timer.o
    0x08001c48   0x00000006   Code   RO         3043    i.TIM_ClearITPendingBit  stm32f10x_tim.o
    0x08001c4e   0x00000018   Code   RO         3048    i.TIM_Cmd           stm32f10x_tim.o
    0x08001c66   0x00000022   Code   RO         3069    i.TIM_GetITStatus   stm32f10x_tim.o
    0x08001c88   0x00000012   Code   RO         3073    i.TIM_ITConfig      stm32f10x_tim.o
    0x08001c9a   0x00000002   PAD
    0x08001c9c   0x000000a4   Code   RO         3119    i.TIM_TimeBaseInit  stm32f10x_tim.o
    0x08001d40   0x00000088   Code   RO          609    i.USART2_IRQHandler  usart.o
    0x08001dc8   0x00000018   Code   RO         1045    i.USART_Cmd         stm32f10x_usart.o
    0x08001de0   0x00000054   Code   RO         1049    i.USART_GetITStatus  stm32f10x_usart.o
    0x08001e34   0x0000004a   Code   RO         1051    i.USART_ITConfig    stm32f10x_usart.o
    0x08001e7e   0x00000002   PAD
    0x08001e80   0x000000d8   Code   RO         1052    i.USART_Init        stm32f10x_usart.o
    0x08001f58   0x0000000a   Code   RO         1059    i.USART_ReceiveData  stm32f10x_usart.o
    0x08001f62   0x00000004   Code   RO          151    i.UsageFault_Handler  stm32f10x_it.o
    0x08001f66   0x0000000e   Code   RO         3664    i._is_digit         c_w.l(__printf_wp.o)
    0x08001f74   0x00000006   Code   RO          610    i._sys_exit         usart.o
    0x08001f7a   0x00000002   PAD
    0x08001f7c   0x00000114   Code   RO          348    i.chinese_Char      lcd_driver.o
    0x08002090   0x0000005e   Code   RO          349    i.chinese_Str       lcd_driver.o
    0x080020ee   0x00000002   PAD
    0x080020f0   0x00000044   Code   RO          554    i.delay_init        delay.o
    0x08002134   0x0000004c   Code   RO          555    i.delay_ms          delay.o
    0x08002180   0x0000001c   Code   RO          611    i.fputc             usart.o
    0x0800219c   0x00000244   Code   RO            1    i.main              main.o
    0x080023e0   0x0000003e   Code   RO          350    i.showlogo          lcd_driver.o
    0x0800241e   0x00000002   PAD
    0x08002420   0x000000a4   Code   RO          612    i.uart_init         usart.o
    0x080024c4   0x000000c8   Code   RO          473    i.write_Dht11_Info  clock.o
    0x0800258c   0x000000d8   Code   RO          474    i.write_MQTT        clock.o
    0x08002664   0x0000008c   Code   RO          475    i.write_Time        clock.o
    0x080026f0   0x000002f8   Code   RO          476    i.write_Weather     clock.o
    0x080029e8   0x0000002c   Code   RO         3763    locale$$code        c_w.l(lc_ctype_c.o)
    0x08002a14   0x00004e20   Data   RO          266    .constdata          logo_1.o
    0x08007834   0x00002f21   Data   RO          541    .constdata          font.o
    0x0800a755   0x00000011   Data   RO         3667    .constdata          c_w.l(__printf_flags_wp.o)
    0x0800a766   0x00000002   PAD
    0x0800a768   0x00000020   Data   RO         3884    Region$$Table       anon$$obj.o
    0x0800a788   0x00000110   Data   RO         3762    locale$$data        c_w.l(lc_ctype_c.o)


    Execution Region ER_RW (Base: 0x20000000, Size: 0x00000dbc, Max: 0xffffffff, ABSOLUTE, COMPRESSED[0x000007bc])

    Base Addr    Size         Type   Attr      Idx    E Section Name        Object

    0x20000000   0x00000014   Data   RW          236    .data               system_stm32f10x.o
    0x20000014   0x000002d0   Data   RW          267    .data               logo_1.o
    0x200002e4   0x00000001   Data   RW          282    .data               exit.o
    0x200002e5   0x00000001   PAD
    0x200002e6   0x00000004   Data   RW          351    .data               lcd_driver.o
    0x200002ea   0x00000ab0   Data   RW          542    .data               font.o
    0x20000d9a   0x00000004   Data   RW          557    .data               delay.o
    0x20000d9e   0x00000002   PAD
    0x20000da0   0x00000006   Data   RW          614    .data               usart.o
    0x20000da6   0x00000014   Data   RW          873    .data               stm32f10x_rcc.o


    Execution Region ER_ZI (Base: 0x20000dbc, Size: 0x00000aa4, Max: 0xffffffff, ABSOLUTE)

    Base Addr    Size         Type   Attr      Idx    E Section Name        Object

    0x20000dbc   0x0000012c   Zero   RW            2    .bss                main.o
    0x20000ee8   0x00000124   Zero   RW          477    .bss                clock.o
    0x2000100c   0x000001f4   Zero   RW          613    .bss                usart.o
    0x20001200   0x00000060   Zero   RW         3753    .bss                c_w.l(libspace.o)
    0x20001260   0x00000200   Zero   RW          661    HEAP                startup_stm32f10x_md.o
    0x20001460   0x00000400   Zero   RW          660    STACK               startup_stm32f10x_md.o


==============================================================================

Image component sizes


      Code (inc. data)   RO Data    RW Data    ZI Data      Debug   Object Name

      1316        444          0          0        292       4313   clock.o
       144         22          0          4          0       1128   delay.o
       320         40          0          1          0       1655   exit.o
         0          0      12065       2736          0       1005   font.o
      1860         80          0          4          0      11658   lcd_driver.o
        40          6          0          0          0        459   led.o
         0          0      20000        720          0        713   logo_1.o
       580        152          0          0        300     254765   main.o
       172         22          0          0          0       1981   misc.o
        64         26        236          0       1536        788   startup_stm32f10x_md.o
       200         18          0          0          0       2020   stm32f10x_exti.o
       486         10          0          0          0       3316   stm32f10x_gpio.o
        26          0          0          0          0       3534   stm32f10x_it.o
       276         32          0         20          0       4346   stm32f10x_rcc.o
       246         42          0          0          0       3422   stm32f10x_tim.o
       408          6          0          0          0       4834   stm32f10x_usart.o
         0          0          0          0          0         32   sys.o
       328         28          0         20          0       1997   system_stm32f10x.o
       132         14          0          0          0       1046   timer.o
       334         26          0          6        500       4016   usart.o

    ----------------------------------------------------------------------
      6958        968      32333       3516       2628     307028   Object Totals
         0          0         32          0          0          0   (incl. Generated)
        26          0          0          5          0          0   (incl. Padding)

    ----------------------------------------------------------------------

      Code (inc. data)   RO Data    RW Data    ZI Data      Debug   Library Member Name

        60          8          0          0          0         84   __0sscanf.o
        90          0          0          0          0          0   __dczerorl2.o
         8          0          0          0          0         68   __main.o
       312          4         17          0          0         92   __printf_flags_wp.o
        14          0          0          0          0         68   __printf_wp.o
         0          0          0          0          0          0   __rtentry.o
        12          0          0          0          0          0   __rtentry2.o
         6          0          0          0          0          0   __rtentry4.o
        52          8          0          0          0          0   __scatter.o
        28          0          0          0          0          0   __scatter_zi.o
        28          0          0          0          0         68   _chval.o
        44          0          0          0          0        108   _printf_char.o
        48          6          0          0          0         96   _printf_char_common.o
        36          4          0          0          0         80   _printf_char_file.o
         6          0          0          0          0          0   _printf_d.o
       120         16          0          0          0         92   _printf_dec.o
       178          0          0          0          0         88   _printf_intcommon.o
        78          0          0          0          0        108   _printf_pad.o
         0          0          0          0          0          0   _printf_percent.o
         4          0          0          0          0          0   _printf_percent_end.o
         6          0          0          0          0          0   _printf_s.o
        82          0          0          0          0         80   _printf_str.o
       884          6          0          0          0        100   _scanf.o
       332          0          0          0          0         96   _scanf_int.o
       224          0          0          0          0         96   _scanf_str.o
        64          0          0          0          0         84   _sgetc.o
        10          0          0          0          0         68   _sputc.o
        12          0          0          0          0         72   exit.o
         8          0          0          0          0         68   ferror.o
         6          0          0          0          0        152   heapauxi.o
        18          0          0          0          0         76   isspace.o
        44         10        272          0          0         76   lc_ctype_c.o
         2          0          0          0          0          0   libinit.o
        20          0          0          0          0          0   libinit2.o
         2          0          0          0          0          0   libshutdown.o
         2          0          0          0          0          0   libshutdown2.o
         8          4          0          0         96         68   libspace.o
        24          4          0          0          0         84   noretval__2printf.o
        40          6          0          0          0         84   noretval__2sprintf.o
        16          4          0          0          0         76   rt_ctype_table.o
         8          4          0          0          0         68   rt_locale_intlibspace.o
        68          0          0          0          0         68   rt_memclr.o
        78          0          0          0          0         80   rt_memclr_w.o
         2          0          0          0          0          0   rtexit.o
        10          0          0          0          0          0   rtexit2.o
        44          8          0          0          0         84   scanf_char.o
       128          0          0          0          0         68   strcmpv7m.o
        72          0          0          0          0         80   strcpy.o
       150          0          0          0          0         80   strncmp.o
        74          0          0          0          0         80   sys_stackheap_outer.o
         2          0          0          0          0         68   use_no_semi.o
         2          0          0          0          0         68   use_no_semi_2.o

    ----------------------------------------------------------------------
      3578         92        291          0         96       2976   Library Totals
        12          0          2          0          0          0   (incl. Padding)

    ----------------------------------------------------------------------

      Code (inc. data)   RO Data    RW Data    ZI Data      Debug   Library Name

      3566         92        289          0         96       2976   c_w.l

    ----------------------------------------------------------------------
      3578         92        291          0         96       2976   Library Totals

    ----------------------------------------------------------------------

==============================================================================


      Code (inc. data)   RO Data    RW Data    ZI Data      Debug   

     10536       1060      32624       3516       2724     305060   Grand Totals
     10536       1060      32624       1980       2724     305060   ELF Image Totals (compressed)
     10536       1060      32624       1980          0          0   ROM Totals

==============================================================================

    Total RO  Size (Code + RO Data)                43160 (  42.15kB)
    Total RW  Size (RW Data + ZI Data)              6240 (   6.09kB)
    Total ROM Size (Code + RO Data + RW Data)      45140 (  44.08kB)

==============================================================================

